[    0.000000] Linux version 5.18.0-rc1+ (krishna@ubuntu) (gcc (Ubuntu 5.4.0-6ubuntu1~16.04.12) 5.4.0 20160609, GNU ld (GNU Binutils for Ubuntu) 2.26.1) #1 SMP PREEMPT_DYNAMIC Mon Apr 18 02:14:40 PDT 2022
[    0.000000] Command line: BOOT_IMAGE=/boot/vmlinuz-5.18.0-rc1+ root=UUID=2d05219f-e9a2-41b9-bfea-64db0a596e07 ro find_preseed=/preseed.cfg auto noprompt priority=critical locale=en_US quiet
[    0.000000] KERNEL supported cpus:
[    0.000000]   Intel GenuineIntel
[    0.000000]   AMD AuthenticAMD
[    0.000000]   Hygon HygonGenuine
[    0.000000]   Centaur CentaurHauls
[    0.000000]   zhaoxin   Shanghai  
[    0.000000] Disabled fast string operations
[    0.000000] x86/fpu: Supporting XSAVE feature 0x001: 'x87 floating point registers'
[    0.000000] x86/fpu: Supporting XSAVE feature 0x002: 'SSE registers'
[    0.000000] x86/fpu: Supporting XSAVE feature 0x004: 'AVX registers'
[    0.000000] x86/fpu: xstate_offset[2]:  576, xstate_sizes[2]:  256
[    0.000000] x86/fpu: Enabled xstate features 0x7, context size is 832 bytes, using 'compacted' format.
[    0.000000] signal: max sigframe size: 1776
[    0.000000] BIOS-provided physical RAM map:
[    0.000000] BIOS-e820: [mem 0x0000000000000000-0x000000000009e7ff] usable
[    0.000000] BIOS-e820: [mem 0x000000000009e800-0x000000000009ffff] reserved
[    0.000000] BIOS-e820: [mem 0x00000000000dc000-0x00000000000fffff] reserved
[    0.000000] BIOS-e820: [mem 0x0000000000100000-0x00000000bfecffff] usable
[    0.000000] BIOS-e820: [mem 0x00000000bfed0000-0x00000000bfefefff] ACPI data
[    0.000000] BIOS-e820: [mem 0x00000000bfeff000-0x00000000bfefffff] ACPI NVS
[    0.000000] BIOS-e820: [mem 0x00000000bff00000-0x00000000bfffffff] usable
[    0.000000] BIOS-e820: [mem 0x00000000f0000000-0x00000000f7ffffff] reserved
[    0.000000] BIOS-e820: [mem 0x00000000fec00000-0x00000000fec0ffff] reserved
[    0.000000] BIOS-e820: [mem 0x00000000fee00000-0x00000000fee00fff] reserved
[    0.000000] BIOS-e820: [mem 0x00000000fffe0000-0x00000000ffffffff] reserved
[    0.000000] BIOS-e820: [mem 0x0000000100000000-0x000000013fffffff] usable
[    0.000000] NX (Execute Disable) protection: active
[    0.000000] SMBIOS 2.7 present.
[    0.000000] DMI: VMware, Inc. VMware Virtual Platform/440BX Desktop Reference Platform, BIOS 6.00 02/27/2020
[    0.000000] vmware: hypercall mode: 0x00
[    0.000000] Hypervisor detected: VMware
[    0.000000] vmware: TSC freq read from hypervisor : 2400.002 MHz
[    0.000000] vmware: Host bus clock speed read from hypervisor : 66000000 Hz
[    0.000000] vmware: using clock offset of 5009512191 ns
[    0.000014] tsc: Detected 2400.002 MHz processor
[    0.001160] e820: update [mem 0x00000000-0x00000fff] usable ==> reserved
[    0.001164] e820: remove [mem 0x000a0000-0x000fffff] usable
[    0.001167] last_pfn = 0x140000 max_arch_pfn = 0x400000000
[    0.001188] x86/PAT: Configuration [0-7]: WB  WC  UC- UC  WB  WP  UC- WT  
[    0.001198] total RAM covered: 130048M
[    0.001288] Found optimal setting for mtrr clean up
[    0.001288]  gran_size: 64K 	chunk_size: 64K 	num_reg: 7  	lose cover RAM: 0G
[    0.001323] e820: update [mem 0xc0000000-0xffffffff] usable ==> reserved
[    0.001330] last_pfn = 0xc0000 max_arch_pfn = 0x400000000
[    0.008346] found SMP MP-table at [mem 0x000f6a70-0x000f6a7f]
[    0.008365] Using GB pages for direct mapping
[    0.008467] RAMDISK: [mem 0x36176000-0x370b2fff]
[    0.008471] ACPI: Early table checksum verification disabled
[    0.008473] ACPI: RSDP 0x00000000000F6A00 000024 (v02 PTLTD )
[    0.008477] ACPI: XSDT 0x00000000BFEDC5D7 000064 (v01 INTEL  440BX    06040000 VMW  01324272)
[    0.008482] ACPI: FACP 0x00000000BFEFEE73 0000F4 (v04 INTEL  440BX    06040000 PTL  000F4240)
[    0.008486] ACPI: DSDT 0x00000000BFEDD9E8 02148B (v01 PTLTD  Custom   06040000 MSFT 03000001)
[    0.008492] ACPI: FACS 0x00000000BFEFFFC0 000040
[    0.008495] ACPI: FACS 0x00000000BFEFFFC0 000040
[    0.008497] ACPI: BOOT 0x00000000BFEDD9C0 000028 (v01 PTLTD  $SBFTBL$ 06040000  LTP 00000001)
[    0.008500] ACPI: APIC 0x00000000BFEDD27E 000742 (v01 PTLTD  ? APIC   06040000  LTP 00000000)
[    0.008503] ACPI: MCFG 0x00000000BFEDD242 00003C (v01 PTLTD  $PCITBL$ 06040000  LTP 00000001)
[    0.008506] ACPI: SRAT 0x00000000BFEDC72F 0008D0 (v02 VMWARE MEMPLUG  06040000 VMW  00000001)
[    0.008509] ACPI: HPET 0x00000000BFEDC6F7 000038 (v01 VMWARE VMW HPET 06040000 VMW  00000001)
[    0.008511] ACPI: WAET 0x00000000BFEDC6CF 000028 (v01 VMWARE VMW WAET 06040000 VMW  00000001)
[    0.008514] ACPI: DMAR 0x00000000BFEDC67F 000050 (v01 VMWARE VMW DMAR 06040000 VMW  00000001)
[    0.008516] ACPI: Reserving FACP table memory at [mem 0xbfefee73-0xbfefef66]
[    0.008517] ACPI: Reserving DSDT table memory at [mem 0xbfedd9e8-0xbfefee72]
[    0.008518] ACPI: Reserving FACS table memory at [mem 0xbfefffc0-0xbfefffff]
[    0.008519] ACPI: Reserving FACS table memory at [mem 0xbfefffc0-0xbfefffff]
[    0.008519] ACPI: Reserving BOOT table memory at [mem 0xbfedd9c0-0xbfedd9e7]
[    0.008520] ACPI: Reserving APIC table memory at [mem 0xbfedd27e-0xbfedd9bf]
[    0.008521] ACPI: Reserving MCFG table memory at [mem 0xbfedd242-0xbfedd27d]
[    0.008521] ACPI: Reserving SRAT table memory at [mem 0xbfedc72f-0xbfedcffe]
[    0.008522] ACPI: Reserving HPET table memory at [mem 0xbfedc6f7-0xbfedc72e]
[    0.008522] ACPI: Reserving WAET table memory at [mem 0xbfedc6cf-0xbfedc6f6]
[    0.008523] ACPI: Reserving DMAR table memory at [mem 0xbfedc67f-0xbfedc6ce]
[    0.008552] system APIC only can use physical flat
[    0.008553] Setting APIC routing to physical flat.
[    0.008586] SRAT: PXM 0 -> APIC 0x00 -> Node 0
[    0.008588] SRAT: PXM 0 -> APIC 0x02 -> Node 0
[    0.008588] SRAT: PXM 0 -> APIC 0x04 -> Node 0
[    0.008589] SRAT: PXM 0 -> APIC 0x06 -> Node 0
[    0.008589] SRAT: PXM 0 -> APIC 0x08 -> Node 0
[    0.008590] SRAT: PXM 0 -> APIC 0x0a -> Node 0
[    0.008590] SRAT: PXM 0 -> APIC 0x0c -> Node 0
[    0.008591] SRAT: PXM 0 -> APIC 0x0e -> Node 0
[    0.008591] SRAT: PXM 0 -> APIC 0x10 -> Node 0
[    0.008592] SRAT: PXM 0 -> APIC 0x12 -> Node 0
[    0.008592] SRAT: PXM 0 -> APIC 0x14 -> Node 0
[    0.008593] SRAT: PXM 0 -> APIC 0x16 -> Node 0
[    0.008593] SRAT: PXM 0 -> APIC 0x18 -> Node 0
[    0.008594] SRAT: PXM 0 -> APIC 0x1a -> Node 0
[    0.008594] SRAT: PXM 0 -> APIC 0x1c -> Node 0
[    0.008595] SRAT: PXM 0 -> APIC 0x1e -> Node 0
[    0.008595] SRAT: PXM 0 -> APIC 0x20 -> Node 0
[    0.008596] SRAT: PXM 0 -> APIC 0x22 -> Node 0
[    0.008596] SRAT: PXM 0 -> APIC 0x24 -> Node 0
[    0.008597] SRAT: PXM 0 -> APIC 0x26 -> Node 0
[    0.008597] SRAT: PXM 0 -> APIC 0x28 -> Node 0
[    0.008598] SRAT: PXM 0 -> APIC 0x2a -> Node 0
[    0.008598] SRAT: PXM 0 -> APIC 0x2c -> Node 0
[    0.008599] SRAT: PXM 0 -> APIC 0x2e -> Node 0
[    0.008600] SRAT: PXM 0 -> APIC 0x30 -> Node 0
[    0.008600] SRAT: PXM 0 -> APIC 0x32 -> Node 0
[    0.008601] SRAT: PXM 0 -> APIC 0x34 -> Node 0
[    0.008601] SRAT: PXM 0 -> APIC 0x36 -> Node 0
[    0.008602] SRAT: PXM 0 -> APIC 0x38 -> Node 0
[    0.008602] SRAT: PXM 0 -> APIC 0x3a -> Node 0
[    0.008603] SRAT: PXM 0 -> APIC 0x3c -> Node 0
[    0.008603] SRAT: PXM 0 -> APIC 0x3e -> Node 0
[    0.008604] SRAT: PXM 0 -> APIC 0x40 -> Node 0
[    0.008604] SRAT: PXM 0 -> APIC 0x42 -> Node 0
[    0.008605] SRAT: PXM 0 -> APIC 0x44 -> Node 0
[    0.008605] SRAT: PXM 0 -> APIC 0x46 -> Node 0
[    0.008606] SRAT: PXM 0 -> APIC 0x48 -> Node 0
[    0.008606] SRAT: PXM 0 -> APIC 0x4a -> Node 0
[    0.008607] SRAT: PXM 0 -> APIC 0x4c -> Node 0
[    0.008607] SRAT: PXM 0 -> APIC 0x4e -> Node 0
[    0.008608] SRAT: PXM 0 -> APIC 0x50 -> Node 0
[    0.008608] SRAT: PXM 0 -> APIC 0x52 -> Node 0
[    0.008609] SRAT: PXM 0 -> APIC 0x54 -> Node 0
[    0.008609] SRAT: PXM 0 -> APIC 0x56 -> Node 0
[    0.008610] SRAT: PXM 0 -> APIC 0x58 -> Node 0
[    0.008610] SRAT: PXM 0 -> APIC 0x5a -> Node 0
[    0.008611] SRAT: PXM 0 -> APIC 0x5c -> Node 0
[    0.008611] SRAT: PXM 0 -> APIC 0x5e -> Node 0
[    0.008612] SRAT: PXM 0 -> APIC 0x60 -> Node 0
[    0.008612] SRAT: PXM 0 -> APIC 0x62 -> Node 0
[    0.008613] SRAT: PXM 0 -> APIC 0x64 -> Node 0
[    0.008613] SRAT: PXM 0 -> APIC 0x66 -> Node 0
[    0.008614] SRAT: PXM 0 -> APIC 0x68 -> Node 0
[    0.008614] SRAT: PXM 0 -> APIC 0x6a -> Node 0
[    0.008615] SRAT: PXM 0 -> APIC 0x6c -> Node 0
[    0.008615] SRAT: PXM 0 -> APIC 0x6e -> Node 0
[    0.008616] SRAT: PXM 0 -> APIC 0x70 -> Node 0
[    0.008616] SRAT: PXM 0 -> APIC 0x72 -> Node 0
[    0.008617] SRAT: PXM 0 -> APIC 0x74 -> Node 0
[    0.008617] SRAT: PXM 0 -> APIC 0x76 -> Node 0
[    0.008618] SRAT: PXM 0 -> APIC 0x78 -> Node 0
[    0.008618] SRAT: PXM 0 -> APIC 0x7a -> Node 0
[    0.008619] SRAT: PXM 0 -> APIC 0x7c -> Node 0
[    0.008619] SRAT: PXM 0 -> APIC 0x7e -> Node 0
[    0.008620] SRAT: PXM 0 -> APIC 0x80 -> Node 0
[    0.008620] SRAT: PXM 0 -> APIC 0x82 -> Node 0
[    0.008621] SRAT: PXM 0 -> APIC 0x84 -> Node 0
[    0.008621] SRAT: PXM 0 -> APIC 0x86 -> Node 0
[    0.008622] SRAT: PXM 0 -> APIC 0x88 -> Node 0
[    0.008622] SRAT: PXM 0 -> APIC 0x8a -> Node 0
[    0.008623] SRAT: PXM 0 -> APIC 0x8c -> Node 0
[    0.008623] SRAT: PXM 0 -> APIC 0x8e -> Node 0
[    0.008624] SRAT: PXM 0 -> APIC 0x90 -> Node 0
[    0.008624] SRAT: PXM 0 -> APIC 0x92 -> Node 0
[    0.008625] SRAT: PXM 0 -> APIC 0x94 -> Node 0
[    0.008625] SRAT: PXM 0 -> APIC 0x96 -> Node 0
[    0.008626] SRAT: PXM 0 -> APIC 0x98 -> Node 0
[    0.008626] SRAT: PXM 0 -> APIC 0x9a -> Node 0
[    0.008627] SRAT: PXM 0 -> APIC 0x9c -> Node 0
[    0.008627] SRAT: PXM 0 -> APIC 0x9e -> Node 0
[    0.008628] SRAT: PXM 0 -> APIC 0xa0 -> Node 0
[    0.008628] SRAT: PXM 0 -> APIC 0xa2 -> Node 0
[    0.008629] SRAT: PXM 0 -> APIC 0xa4 -> Node 0
[    0.008629] SRAT: PXM 0 -> APIC 0xa6 -> Node 0
[    0.008630] SRAT: PXM 0 -> APIC 0xa8 -> Node 0
[    0.008630] SRAT: PXM 0 -> APIC 0xaa -> Node 0
[    0.008631] SRAT: PXM 0 -> APIC 0xac -> Node 0
[    0.008631] SRAT: PXM 0 -> APIC 0xae -> Node 0
[    0.008632] SRAT: PXM 0 -> APIC 0xb0 -> Node 0
[    0.008632] SRAT: PXM 0 -> APIC 0xb2 -> Node 0
[    0.008633] SRAT: PXM 0 -> APIC 0xb4 -> Node 0
[    0.008633] SRAT: PXM 0 -> APIC 0xb6 -> Node 0
[    0.008634] SRAT: PXM 0 -> APIC 0xb8 -> Node 0
[    0.008634] SRAT: PXM 0 -> APIC 0xba -> Node 0
[    0.008635] SRAT: PXM 0 -> APIC 0xbc -> Node 0
[    0.008635] SRAT: PXM 0 -> APIC 0xbe -> Node 0
[    0.008636] SRAT: PXM 0 -> APIC 0xc0 -> Node 0
[    0.008636] SRAT: PXM 0 -> APIC 0xc2 -> Node 0
[    0.008637] SRAT: PXM 0 -> APIC 0xc4 -> Node 0
[    0.008637] SRAT: PXM 0 -> APIC 0xc6 -> Node 0
[    0.008638] SRAT: PXM 0 -> APIC 0xc8 -> Node 0
[    0.008638] SRAT: PXM 0 -> APIC 0xca -> Node 0
[    0.008639] SRAT: PXM 0 -> APIC 0xcc -> Node 0
[    0.008639] SRAT: PXM 0 -> APIC 0xce -> Node 0
[    0.008640] SRAT: PXM 0 -> APIC 0xd0 -> Node 0
[    0.008640] SRAT: PXM 0 -> APIC 0xd2 -> Node 0
[    0.008641] SRAT: PXM 0 -> APIC 0xd4 -> Node 0
[    0.008641] SRAT: PXM 0 -> APIC 0xd6 -> Node 0
[    0.008642] SRAT: PXM 0 -> APIC 0xd8 -> Node 0
[    0.008642] SRAT: PXM 0 -> APIC 0xda -> Node 0
[    0.008643] SRAT: PXM 0 -> APIC 0xdc -> Node 0
[    0.008643] SRAT: PXM 0 -> APIC 0xde -> Node 0
[    0.008644] SRAT: PXM 0 -> APIC 0xe0 -> Node 0
[    0.008644] SRAT: PXM 0 -> APIC 0xe2 -> Node 0
[    0.008645] SRAT: PXM 0 -> APIC 0xe4 -> Node 0
[    0.008645] SRAT: PXM 0 -> APIC 0xe6 -> Node 0
[    0.008646] SRAT: PXM 0 -> APIC 0xe8 -> Node 0
[    0.008646] SRAT: PXM 0 -> APIC 0xea -> Node 0
[    0.008647] SRAT: PXM 0 -> APIC 0xec -> Node 0
[    0.008647] SRAT: PXM 0 -> APIC 0xee -> Node 0
[    0.008648] SRAT: PXM 0 -> APIC 0xf0 -> Node 0
[    0.008648] SRAT: PXM 0 -> APIC 0xf2 -> Node 0
[    0.008649] SRAT: PXM 0 -> APIC 0xf4 -> Node 0
[    0.008649] SRAT: PXM 0 -> APIC 0xf6 -> Node 0
[    0.008650] SRAT: PXM 0 -> APIC 0xf8 -> Node 0
[    0.008650] SRAT: PXM 0 -> APIC 0xfa -> Node 0
[    0.008651] SRAT: PXM 0 -> APIC 0xfc -> Node 0
[    0.008651] SRAT: PXM 0 -> APIC 0xfe -> Node 0
[    0.008654] ACPI: SRAT: Node 0 PXM 0 [mem 0x00000000-0x0009ffff]
[    0.008655] ACPI: SRAT: Node 0 PXM 0 [mem 0x00100000-0xbfffffff]
[    0.008656] ACPI: SRAT: Node 0 PXM 0 [mem 0x100000000-0x13fffffff]
[    0.008657] ACPI: SRAT: Node 0 PXM 0 [mem 0x140000000-0x103fffffff] hotplug
[    0.008659] NUMA: Node 0 [mem 0x00000000-0x0009ffff] + [mem 0x00100000-0xbfffffff] -> [mem 0x00000000-0xbfffffff]
[    0.008661] NUMA: Node 0 [mem 0x00000000-0xbfffffff] + [mem 0x100000000-0x13fffffff] -> [mem 0x00000000-0x13fffffff]
[    0.008664] NODE_DATA(0) allocated [mem 0x13fffb000-0x13fffffff]
[    0.008721] Zone ranges:
[    0.008721]   DMA      [mem 0x0000000000001000-0x0000000000ffffff]
[    0.008723]   DMA32    [mem 0x0000000001000000-0x00000000ffffffff]
[    0.008724]   Normal   [mem 0x0000000100000000-0x000000013fffffff]
[    0.008725]   Device   empty
[    0.008726] Movable zone start for each node
[    0.008727] Early memory node ranges
[    0.008727]   node   0: [mem 0x0000000000001000-0x000000000009dfff]
[    0.008728]   node   0: [mem 0x0000000000100000-0x00000000bfecffff]
[    0.008729]   node   0: [mem 0x00000000bff00000-0x00000000bfffffff]
[    0.008730]   node   0: [mem 0x0000000100000000-0x000000013fffffff]
[    0.008731] Initmem setup node 0 [mem 0x0000000000001000-0x000000013fffffff]
[    0.008762] On node 0, zone DMA: 1 pages in unavailable ranges
[    0.009236] On node 0, zone DMA: 98 pages in unavailable ranges
[    0.028000] On node 0, zone DMA32: 48 pages in unavailable ranges
[    0.039116] ACPI: PM-Timer IO Port: 0x1008
[    0.039121] system APIC only can use physical flat
[    0.039132] ACPI: LAPIC_NMI (acpi_id[0x00] high edge lint[0x1])
[    0.039134] ACPI: LAPIC_NMI (acpi_id[0x01] high edge lint[0x1])
[    0.039135] ACPI: LAPIC_NMI (acpi_id[0x02] high edge lint[0x1])
[    0.039135] ACPI: LAPIC_NMI (acpi_id[0x03] high edge lint[0x1])
[    0.039136] ACPI: LAPIC_NMI (acpi_id[0x04] high edge lint[0x1])
[    0.039136] ACPI: LAPIC_NMI (acpi_id[0x05] high edge lint[0x1])
[    0.039137] ACPI: LAPIC_NMI (acpi_id[0x06] high edge lint[0x1])
[    0.039137] ACPI: LAPIC_NMI (acpi_id[0x07] high edge lint[0x1])
[    0.039138] ACPI: LAPIC_NMI (acpi_id[0x08] high edge lint[0x1])
[    0.039139] ACPI: LAPIC_NMI (acpi_id[0x09] high edge lint[0x1])
[    0.039139] ACPI: LAPIC_NMI (acpi_id[0x0a] high edge lint[0x1])
[    0.039140] ACPI: LAPIC_NMI (acpi_id[0x0b] high edge lint[0x1])
[    0.039140] ACPI: LAPIC_NMI (acpi_id[0x0c] high edge lint[0x1])
[    0.039141] ACPI: LAPIC_NMI (acpi_id[0x0d] high edge lint[0x1])
[    0.039141] ACPI: LAPIC_NMI (acpi_id[0x0e] high edge lint[0x1])
[    0.039142] ACPI: LAPIC_NMI (acpi_id[0x0f] high edge lint[0x1])
[    0.039142] ACPI: LAPIC_NMI (acpi_id[0x10] high edge lint[0x1])
[    0.039143] ACPI: LAPIC_NMI (acpi_id[0x11] high edge lint[0x1])
[    0.039144] ACPI: LAPIC_NMI (acpi_id[0x12] high edge lint[0x1])
[    0.039144] ACPI: LAPIC_NMI (acpi_id[0x13] high edge lint[0x1])
[    0.039145] ACPI: LAPIC_NMI (acpi_id[0x14] high edge lint[0x1])
[    0.039145] ACPI: LAPIC_NMI (acpi_id[0x15] high edge lint[0x1])
[    0.039146] ACPI: LAPIC_NMI (acpi_id[0x16] high edge lint[0x1])
[    0.039146] ACPI: LAPIC_NMI (acpi_id[0x17] high edge lint[0x1])
[    0.039147] ACPI: LAPIC_NMI (acpi_id[0x18] high edge lint[0x1])
[    0.039148] ACPI: LAPIC_NMI (acpi_id[0x19] high edge lint[0x1])
[    0.039148] ACPI: LAPIC_NMI (acpi_id[0x1a] high edge lint[0x1])
[    0.039149] ACPI: LAPIC_NMI (acpi_id[0x1b] high edge lint[0x1])
[    0.039149] ACPI: LAPIC_NMI (acpi_id[0x1c] high edge lint[0x1])
[    0.039150] ACPI: LAPIC_NMI (acpi_id[0x1d] high edge lint[0x1])
[    0.039150] ACPI: LAPIC_NMI (acpi_id[0x1e] high edge lint[0x1])
[    0.039151] ACPI: LAPIC_NMI (acpi_id[0x1f] high edge lint[0x1])
[    0.039151] ACPI: LAPIC_NMI (acpi_id[0x20] high edge lint[0x1])
[    0.039152] ACPI: LAPIC_NMI (acpi_id[0x21] high edge lint[0x1])
[    0.039153] ACPI: LAPIC_NMI (acpi_id[0x22] high edge lint[0x1])
[    0.039153] ACPI: LAPIC_NMI (acpi_id[0x23] high edge lint[0x1])
[    0.039154] ACPI: LAPIC_NMI (acpi_id[0x24] high edge lint[0x1])
[    0.039154] ACPI: LAPIC_NMI (acpi_id[0x25] high edge lint[0x1])
[    0.039155] ACPI: LAPIC_NMI (acpi_id[0x26] high edge lint[0x1])
[    0.039155] ACPI: LAPIC_NMI (acpi_id[0x27] high edge lint[0x1])
[    0.039156] ACPI: LAPIC_NMI (acpi_id[0x28] high edge lint[0x1])
[    0.039156] ACPI: LAPIC_NMI (acpi_id[0x29] high edge lint[0x1])
[    0.039157] ACPI: LAPIC_NMI (acpi_id[0x2a] high edge lint[0x1])
[    0.039158] ACPI: LAPIC_NMI (acpi_id[0x2b] high edge lint[0x1])
[    0.039158] ACPI: LAPIC_NMI (acpi_id[0x2c] high edge lint[0x1])
[    0.039159] ACPI: LAPIC_NMI (acpi_id[0x2d] high edge lint[0x1])
[    0.039159] ACPI: LAPIC_NMI (acpi_id[0x2e] high edge lint[0x1])
[    0.039160] ACPI: LAPIC_NMI (acpi_id[0x2f] high edge lint[0x1])
[    0.039160] ACPI: LAPIC_NMI (acpi_id[0x30] high edge lint[0x1])
[    0.039161] ACPI: LAPIC_NMI (acpi_id[0x31] high edge lint[0x1])
[    0.039161] ACPI: LAPIC_NMI (acpi_id[0x32] high edge lint[0x1])
[    0.039162] ACPI: LAPIC_NMI (acpi_id[0x33] high edge lint[0x1])
[    0.039163] ACPI: LAPIC_NMI (acpi_id[0x34] high edge lint[0x1])
[    0.039163] ACPI: LAPIC_NMI (acpi_id[0x35] high edge lint[0x1])
[    0.039164] ACPI: LAPIC_NMI (acpi_id[0x36] high edge lint[0x1])
[    0.039164] ACPI: LAPIC_NMI (acpi_id[0x37] high edge lint[0x1])
[    0.039165] ACPI: LAPIC_NMI (acpi_id[0x38] high edge lint[0x1])
[    0.039165] ACPI: LAPIC_NMI (acpi_id[0x39] high edge lint[0x1])
[    0.039166] ACPI: LAPIC_NMI (acpi_id[0x3a] high edge lint[0x1])
[    0.039167] ACPI: LAPIC_NMI (acpi_id[0x3b] high edge lint[0x1])
[    0.039167] ACPI: LAPIC_NMI (acpi_id[0x3c] high edge lint[0x1])
[    0.039168] ACPI: LAPIC_NMI (acpi_id[0x3d] high edge lint[0x1])
[    0.039168] ACPI: LAPIC_NMI (acpi_id[0x3e] high edge lint[0x1])
[    0.039169] ACPI: LAPIC_NMI (acpi_id[0x3f] high edge lint[0x1])
[    0.039169] ACPI: LAPIC_NMI (acpi_id[0x40] high edge lint[0x1])
[    0.039170] ACPI: LAPIC_NMI (acpi_id[0x41] high edge lint[0x1])
[    0.039170] ACPI: LAPIC_NMI (acpi_id[0x42] high edge lint[0x1])
[    0.039171] ACPI: LAPIC_NMI (acpi_id[0x43] high edge lint[0x1])
[    0.039172] ACPI: LAPIC_NMI (acpi_id[0x44] high edge lint[0x1])
[    0.039172] ACPI: LAPIC_NMI (acpi_id[0x45] high edge lint[0x1])
[    0.039173] ACPI: LAPIC_NMI (acpi_id[0x46] high edge lint[0x1])
[    0.039173] ACPI: LAPIC_NMI (acpi_id[0x47] high edge lint[0x1])
[    0.039174] ACPI: LAPIC_NMI (acpi_id[0x48] high edge lint[0x1])
[    0.039174] ACPI: LAPIC_NMI (acpi_id[0x49] high edge lint[0x1])
[    0.039175] ACPI: LAPIC_NMI (acpi_id[0x4a] high edge lint[0x1])
[    0.039175] ACPI: LAPIC_NMI (acpi_id[0x4b] high edge lint[0x1])
[    0.039176] ACPI: LAPIC_NMI (acpi_id[0x4c] high edge lint[0x1])
[    0.039177] ACPI: LAPIC_NMI (acpi_id[0x4d] high edge lint[0x1])
[    0.039177] ACPI: LAPIC_NMI (acpi_id[0x4e] high edge lint[0x1])
[    0.039178] ACPI: LAPIC_NMI (acpi_id[0x4f] high edge lint[0x1])
[    0.039178] ACPI: LAPIC_NMI (acpi_id[0x50] high edge lint[0x1])
[    0.039179] ACPI: LAPIC_NMI (acpi_id[0x51] high edge lint[0x1])
[    0.039179] ACPI: LAPIC_NMI (acpi_id[0x52] high edge lint[0x1])
[    0.039180] ACPI: LAPIC_NMI (acpi_id[0x53] high edge lint[0x1])
[    0.039180] ACPI: LAPIC_NMI (acpi_id[0x54] high edge lint[0x1])
[    0.039181] ACPI: LAPIC_NMI (acpi_id[0x55] high edge lint[0x1])
[    0.039182] ACPI: LAPIC_NMI (acpi_id[0x56] high edge lint[0x1])
[    0.039182] ACPI: LAPIC_NMI (acpi_id[0x57] high edge lint[0x1])
[    0.039183] ACPI: LAPIC_NMI (acpi_id[0x58] high edge lint[0x1])
[    0.039183] ACPI: LAPIC_NMI (acpi_id[0x59] high edge lint[0x1])
[    0.039184] ACPI: LAPIC_NMI (acpi_id[0x5a] high edge lint[0x1])
[    0.039184] ACPI: LAPIC_NMI (acpi_id[0x5b] high edge lint[0x1])
[    0.039185] ACPI: LAPIC_NMI (acpi_id[0x5c] high edge lint[0x1])
[    0.039185] ACPI: LAPIC_NMI (acpi_id[0x5d] high edge lint[0x1])
[    0.039186] ACPI: LAPIC_NMI (acpi_id[0x5e] high edge lint[0x1])
[    0.039187] ACPI: LAPIC_NMI (acpi_id[0x5f] high edge lint[0x1])
[    0.039187] ACPI: LAPIC_NMI (acpi_id[0x60] high edge lint[0x1])
[    0.039188] ACPI: LAPIC_NMI (acpi_id[0x61] high edge lint[0x1])
[    0.039188] ACPI: LAPIC_NMI (acpi_id[0x62] high edge lint[0x1])
[    0.039189] ACPI: LAPIC_NMI (acpi_id[0x63] high edge lint[0x1])
[    0.039189] ACPI: LAPIC_NMI (acpi_id[0x64] high edge lint[0x1])
[    0.039190] ACPI: LAPIC_NMI (acpi_id[0x65] high edge lint[0x1])
[    0.039190] ACPI: LAPIC_NMI (acpi_id[0x66] high edge lint[0x1])
[    0.039191] ACPI: LAPIC_NMI (acpi_id[0x67] high edge lint[0x1])
[    0.039192] ACPI: LAPIC_NMI (acpi_id[0x68] high edge lint[0x1])
[    0.039192] ACPI: LAPIC_NMI (acpi_id[0x69] high edge lint[0x1])
[    0.039193] ACPI: LAPIC_NMI (acpi_id[0x6a] high edge lint[0x1])
[    0.039193] ACPI: LAPIC_NMI (acpi_id[0x6b] high edge lint[0x1])
[    0.039194] ACPI: LAPIC_NMI (acpi_id[0x6c] high edge lint[0x1])
[    0.039194] ACPI: LAPIC_NMI (acpi_id[0x6d] high edge lint[0x1])
[    0.039195] ACPI: LAPIC_NMI (acpi_id[0x6e] high edge lint[0x1])
[    0.039195] ACPI: LAPIC_NMI (acpi_id[0x6f] high edge lint[0x1])
[    0.039196] ACPI: LAPIC_NMI (acpi_id[0x70] high edge lint[0x1])
[    0.039197] ACPI: LAPIC_NMI (acpi_id[0x71] high edge lint[0x1])
[    0.039197] ACPI: LAPIC_NMI (acpi_id[0x72] high edge lint[0x1])
[    0.039198] ACPI: LAPIC_NMI (acpi_id[0x73] high edge lint[0x1])
[    0.039198] ACPI: LAPIC_NMI (acpi_id[0x74] high edge lint[0x1])
[    0.039199] ACPI: LAPIC_NMI (acpi_id[0x75] high edge lint[0x1])
[    0.039199] ACPI: LAPIC_NMI (acpi_id[0x76] high edge lint[0x1])
[    0.039200] ACPI: LAPIC_NMI (acpi_id[0x77] high edge lint[0x1])
[    0.039200] ACPI: LAPIC_NMI (acpi_id[0x78] high edge lint[0x1])
[    0.039201] ACPI: LAPIC_NMI (acpi_id[0x79] high edge lint[0x1])
[    0.039202] ACPI: LAPIC_NMI (acpi_id[0x7a] high edge lint[0x1])
[    0.039202] ACPI: LAPIC_NMI (acpi_id[0x7b] high edge lint[0x1])
[    0.039203] ACPI: LAPIC_NMI (acpi_id[0x7c] high edge lint[0x1])
[    0.039203] ACPI: LAPIC_NMI (acpi_id[0x7d] high edge lint[0x1])
[    0.039204] ACPI: LAPIC_NMI (acpi_id[0x7e] high edge lint[0x1])
[    0.039204] ACPI: LAPIC_NMI (acpi_id[0x7f] high edge lint[0x1])
[    0.039231] IOAPIC[0]: apic_id 1, version 32, address 0xfec00000, GSI 0-23
[    0.039235] ACPI: INT_SRC_OVR (bus 0 bus_irq 0 global_irq 2 high edge)
[    0.039241] ACPI: Using ACPI (MADT) for SMP configuration information
[    0.039242] ACPI: HPET id: 0x8086af01 base: 0xfed00000
[    0.039246] TSC deadline timer available
[    0.039251] smpboot: Allowing 128 CPUs, 126 hotplug CPUs
[    0.039261] PM: hibernation: Registered nosave memory: [mem 0x00000000-0x00000fff]
[    0.039263] PM: hibernation: Registered nosave memory: [mem 0x0009e000-0x0009efff]
[    0.039263] PM: hibernation: Registered nosave memory: [mem 0x0009f000-0x0009ffff]
[    0.039264] PM: hibernation: Registered nosave memory: [mem 0x000a0000-0x000dbfff]
[    0.039265] PM: hibernation: Registered nosave memory: [mem 0x000dc000-0x000fffff]
[    0.039266] PM: hibernation: Registered nosave memory: [mem 0xbfed0000-0xbfefefff]
[    0.039266] PM: hibernation: Registered nosave memory: [mem 0xbfeff000-0xbfefffff]
[    0.039269] PM: hibernation: Registered nosave memory: [mem 0xc0000000-0xefffffff]
[    0.039269] PM: hibernation: Registered nosave memory: [mem 0xf0000000-0xf7ffffff]
[    0.039270] PM: hibernation: Registered nosave memory: [mem 0xf8000000-0xfebfffff]
[    0.039270] PM: hibernation: Registered nosave memory: [mem 0xfec00000-0xfec0ffff]
[    0.039271] PM: hibernation: Registered nosave memory: [mem 0xfec10000-0xfedfffff]
[    0.039272] PM: hibernation: Registered nosave memory: [mem 0xfee00000-0xfee00fff]
[    0.039272] PM: hibernation: Registered nosave memory: [mem 0xfee01000-0xfffdffff]
[    0.039273] PM: hibernation: Registered nosave memory: [mem 0xfffe0000-0xffffffff]
[    0.039274] [mem 0xc0000000-0xefffffff] available for PCI devices
[    0.039275] Booting paravirtualized kernel on VMware hypervisor
[    0.039277] clocksource: refined-jiffies: mask: 0xffffffff max_cycles: 0xffffffff, max_idle_ns: 7645519600211568 ns
[    0.042698] setup_percpu: NR_CPUS:256 nr_cpumask_bits:256 nr_cpu_ids:128 nr_node_ids:1
[    0.124597] percpu: Embedded 55 pages/cpu s188136 r8192 d28952 u262144
[    0.124609] pcpu-alloc: s188136 r8192 d28952 u262144 alloc=1*2097152
[    0.124612] pcpu-alloc: [0] 000 001 002 003 004 005 006 007 
[    0.124616] pcpu-alloc: [0] 008 009 010 011 012 013 014 015 
[    0.124619] pcpu-alloc: [0] 016 017 018 019 020 021 022 023 
[    0.124622] pcpu-alloc: [0] 024 025 026 027 028 029 030 031 
[    0.124626] pcpu-alloc: [0] 032 033 034 035 036 037 038 039 
[    0.124629] pcpu-alloc: [0] 040 041 042 043 044 045 046 047 
[    0.124632] pcpu-alloc: [0] 048 049 050 051 052 053 054 055 
[    0.124635] pcpu-alloc: [0] 056 057 058 059 060 061 062 063 
[    0.124639] pcpu-alloc: [0] 064 065 066 067 068 069 070 071 
[    0.124642] pcpu-alloc: [0] 072 073 074 075 076 077 078 079 
[    0.124645] pcpu-alloc: [0] 080 081 082 083 084 085 086 087 
[    0.124648] pcpu-alloc: [0] 088 089 090 091 092 093 094 095 
[    0.124652] pcpu-alloc: [0] 096 097 098 099 100 101 102 103 
[    0.124655] pcpu-alloc: [0] 104 105 106 107 108 109 110 111 
[    0.124658] pcpu-alloc: [0] 112 113 114 115 116 117 118 119 
[    0.124661] pcpu-alloc: [0] 120 121 122 123 124 125 126 127 
[    0.124725] Fallback order for Node 0: 0 
[    0.124734] Built 1 zonelists, mobility grouping on.  Total pages: 1031888
[    0.124736] Policy zone: Normal
[    0.124737] Kernel command line: BOOT_IMAGE=/boot/vmlinuz-5.18.0-rc1+ root=UUID=2d05219f-e9a2-41b9-bfea-64db0a596e07 ro find_preseed=/preseed.cfg auto noprompt priority=critical locale=en_US quiet
[    0.124831] Unknown kernel command line parameters "auto noprompt BOOT_IMAGE=/boot/vmlinuz-5.18.0-rc1+ find_preseed=/preseed.cfg priority=critical locale=en_US", will be passed to user space.
[    0.124833] printk: log_buf_len individual max cpu contribution: 4096 bytes
[    0.124834] printk: log_buf_len total cpu_extra contributions: 520192 bytes
[    0.124834] printk: log_buf_len min size: 262144 bytes
[    0.165330] printk: log_buf_len: 1048576 bytes
[    0.165334] printk: early log buf free: 237456(90%)
[    0.166131] Dentry cache hash table entries: 524288 (order: 10, 4194304 bytes, linear)
[    0.166873] Inode-cache hash table entries: 262144 (order: 9, 2097152 bytes, linear)
[    0.169271] mem auto-init: stack:off, heap alloc:off, heap free:off
[    0.455804] Memory: 3973496K/4193716K available (14343K kernel code, 2654K rwdata, 4692K rodata, 1820K init, 1428K bss, 219960K reserved, 0K cma-reserved)
[    0.455996] SLUB: HWalign=64, Order=0-3, MinObjects=0, CPUs=128, Nodes=1
[    0.456011] Kernel/User page tables isolation: enabled
[    0.456242] ftrace: allocating 44912 entries in 176 pages
[    0.498420] ftrace: allocated 176 pages with 3 groups
[    0.499329] Dynamic Preempt: voluntary
[    0.499521] rcu: Preemptible hierarchical RCU implementation.
[    0.499522] rcu: 	RCU restricting CPUs from NR_CPUS=256 to nr_cpu_ids=128.
[    0.499524] 	Trampoline variant of Tasks RCU enabled.
[    0.499524] 	Rude variant of Tasks RCU enabled.
[    0.499525] 	Tracing variant of Tasks RCU enabled.
[    0.499525] rcu: RCU calculated value of scheduler-enlistment delay is 25 jiffies.
[    0.499526] rcu: Adjusting geometry for rcu_fanout_leaf=16, nr_cpu_ids=128
[    0.503119] NR_IRQS: 16640, nr_irqs: 1448, preallocated irqs: 16
[    0.503460] random: get_random_bytes called from start_kernel+0x4b1/0x6c1 with crng_init=0
[    0.504688] Console: colour VGA+ 80x25
[    0.504707] printk: console [tty0] enabled
[    0.504754] ACPI: Core revision 20211217
[    0.505184] clocksource: hpet: mask: 0xffffffff max_cycles: 0xffffffff, max_idle_ns: 133484882848 ns
[    0.505224] APIC: Switch to symmetric I/O mode setup
[    0.505227] DMAR: Host address width 43
[    0.505227] DMAR: DRHD base: 0x000000fec10000 flags: 0x1
[    0.505241] DMAR: dmar0: reg_base_addr fec10000 ver 1:0 cap ff0080f02a0462 ecap f0f15f
[    0.505245] DMAR: ATSR flags: 0x1
[    0.505248] DMAR-IR: IOAPIC id 1 under DRHD base  0xfec10000 IOMMU 0
[    0.505249] DMAR-IR: Queued invalidation will be enabled to support x2apic and Intr-remapping.
[    0.507796] DMAR-IR: Enabled IRQ remapping in x2apic mode
[    0.507890] x2apic enabled
[    0.507896] System requires x2apic physical mode
[    0.507897] Switched APIC routing to physical x2apic.
[    0.508835] ..TIMER: vector=0x30 apic1=0 pin1=2 apic2=-1 pin2=-1
[    0.508870] clocksource: tsc-early: mask: 0xffffffffffffffff max_cycles: 0x22983938a92, max_idle_ns: 440795216168 ns
[    0.508876] Calibrating delay loop (skipped) preset value.. 4800.00 BogoMIPS (lpj=9600008)
[    0.508878] pid_max: default: 131072 minimum: 1024
[    0.508926] LSM: Security Framework initializing
[    0.508935] Yama: becoming mindful.
[    0.508984] AppArmor: AppArmor initialized
[    0.508986] TOMOYO Linux initialized
[    0.509037] Mount-cache hash table entries: 8192 (order: 4, 65536 bytes, linear)
[    0.509114] Mountpoint-cache hash table entries: 8192 (order: 4, 65536 bytes, linear)
[    0.513179] Disabled fast string operations
[    0.513266] Last level iTLB entries: 4KB 64, 2MB 8, 4MB 8
[    0.513268] Last level dTLB entries: 4KB 64, 2MB 0, 4MB 0, 1GB 4
[    0.513271] Spectre V1 : Mitigation: usercopy/swapgs barriers and __user pointer sanitization
[    0.513273] Spectre V2 : Mitigation: Retpolines
[    0.513273] Spectre V2 : Spectre v2 / SpectreRSB mitigation: Filling RSB on context switch
[    0.513274] Spectre V2 : Enabling Restricted Speculation for firmware calls
[    0.513275] Spectre V2 : mitigation: Enabling conditional Indirect Branch Prediction Barrier
[    0.513276] Speculative Store Bypass: Mitigation: Speculative Store Bypass disabled via prctl
[    0.513279] SRBDS: Unknown: Dependent on hypervisor status
[    0.513279] MDS: Mitigation: Clear CPU buffers
[    0.515090] Freeing SMP alternatives memory: 40K
[    0.516284] smpboot: CPU0: Intel(R) Core(TM) i5-9300H CPU @ 2.40GHz (family: 0x6, model: 0x9e, stepping: 0xa)
[    0.516595] cblist_init_generic: Setting adjustable number of callback queues.
[    0.516609] cblist_init_generic: Setting shift to 7 and lim to 1.
[    0.516662] cblist_init_generic: Setting shift to 7 and lim to 1.
[    0.516703] cblist_init_generic: Setting shift to 7 and lim to 1.
[    0.516754] Performance Events: Skylake events, core PMU driver.
[    0.516771] core: CPUID marked event: 'cpu cycles' unavailable
[    0.516772] core: CPUID marked event: 'instructions' unavailable
[    0.516773] core: CPUID marked event: 'bus cycles' unavailable
[    0.516773] core: CPUID marked event: 'cache references' unavailable
[    0.516774] core: CPUID marked event: 'cache misses' unavailable
[    0.516774] core: CPUID marked event: 'branch instructions' unavailable
[    0.516774] core: CPUID marked event: 'branch misses' unavailable
[    0.516776] ... version:                1
[    0.516776] ... bit width:              48
[    0.516777] ... generic registers:      4
[    0.516777] ... value mask:             0000ffffffffffff
[    0.516778] ... max period:             000000007fffffff
[    0.516778] ... fixed-purpose events:   0
[    0.516779] ... event mask:             000000000000000f
[    0.516872] rcu: Hierarchical SRCU implementation.
[    0.516872] NMI watchdog: Perf NMI watchdog permanently disabled
[    0.525552] smp: Bringing up secondary CPUs ...
[    0.525893] x86: Booting SMP configuration:
[    0.525903] .... node  #0, CPUs:          #1
[    0.009433] Disabled fast string operations
[    0.009433] smpboot: CPU 1 Converting physical 2 to logical package 1
[    0.009433] smpboot: CPU 1 Converting physical 0 to logical die 1
[    0.526723] smp: Brought up 1 node, 2 CPUs
[    0.526723] smpboot: Max logical packages: 128
[    0.526723] smpboot: Total of 2 processors activated (9600.00 BogoMIPS)
[    0.526723] devtmpfs: initialized
[    0.526723] x86/mm: Memory block size: 128MB
[    0.526723] ACPI: PM: Registering ACPI NVS region [mem 0xbfeff000-0xbfefffff] (4096 bytes)
[    0.526723] clocksource: jiffies: mask: 0xffffffff max_cycles: 0xffffffff, max_idle_ns: 7645041785100000 ns
[    0.526723] futex hash table entries: 32768 (order: 9, 2097152 bytes, linear)
[    0.529248] pinctrl core: initialized pinctrl subsystem
[    0.529403] PM: RTC time: 20:29:16, date: 2022-04-18
[    0.529593] NET: Registered PF_NETLINK/PF_ROUTE protocol family
[    0.529674] audit: initializing netlink subsys (disabled)
[    0.532915] audit: type=2000 audit(1650313756.024:1): state=initialized audit_enabled=0 res=1
[    0.533050] thermal_sys: Registered thermal governor 'fair_share'
[    0.533052] thermal_sys: Registered thermal governor 'bang_bang'
[    0.533053] thermal_sys: Registered thermal governor 'step_wise'
[    0.533053] thermal_sys: Registered thermal governor 'user_space'
[    0.533094] cpuidle: using governor ladder
[    0.533094] cpuidle: using governor menu
[    0.533094] Simple Boot Flag at 0x36 set to 0x80
[    0.533094] acpiphp: ACPI Hot Plug PCI Controller Driver version: 0.5
[    0.533094] PCI: MMCONFIG for domain 0000 [bus 00-7f] at [mem 0xf0000000-0xf7ffffff] (base 0xf0000000)
[    0.533094] PCI: MMCONFIG at [mem 0xf0000000-0xf7ffffff] reserved in E820
[    0.533104] PCI: Using configuration type 1 for base access
[    0.534202] kprobes: kprobe jump-optimization is enabled. All kprobes are optimized if possible.
[    0.534236] HugeTLB registered 1.00 GiB page size, pre-allocated 0 pages
[    0.534236] HugeTLB registered 2.00 MiB page size, pre-allocated 0 pages
[    0.536991] ACPI: Added _OSI(Module Device)
[    0.536992] ACPI: Added _OSI(Processor Device)
[    0.536993] ACPI: Added _OSI(3.0 _SCP Extensions)
[    0.536993] ACPI: Added _OSI(Processor Aggregator Device)
[    0.536994] ACPI: Added _OSI(Linux-Dell-Video)
[    0.536995] ACPI: Added _OSI(Linux-Lenovo-NV-HDMI-Audio)
[    0.536995] ACPI: Added _OSI(Linux-HPI-Hybrid-Graphics)
[    0.550671] ACPI: 1 ACPI AML tables successfully acquired and loaded
[    0.552178] ACPI: [Firmware Bug]: BIOS _OSI(Linux) query ignored
[    0.563616] ACPI: Interpreter enabled
[    0.563625] ACPI: PM: (supports S0 S1 S4 S5)
[    0.563626] ACPI: Using IOAPIC for interrupt routing
[    0.563639] PCI: Using host bridge windows from ACPI; if necessary, use "pci=nocrs" and report a bug
[    0.564642] ACPI: Enabled 4 GPEs in block 00 to 0F
[    0.684114] ACPI: PCI Root Bridge [PCI0] (domain 0000 [bus 00-7f])
[    0.684123] acpi PNP0A03:00: _OSC: OS supports [ExtendedConfig ASPM ClockPM Segments MSI HPX-Type3]
[    0.684202] acpi PNP0A03:00: _OSC: platform does not support [AER LTR]
[    0.684323] acpi PNP0A03:00: _OSC: OS now controls [PCIeHotplug PME PCIeCapability]
[    0.685671] PCI host bridge to bus 0000:00
[    0.685673] pci_bus 0000:00: root bus resource [mem 0x000a0000-0x000bffff window]
[    0.685675] pci_bus 0000:00: root bus resource [mem 0x000d0000-0x000dbfff window]
[    0.685676] pci_bus 0000:00: root bus resource [mem 0xc0000000-0xfebfffff window]
[    0.685677] pci_bus 0000:00: root bus resource [io  0x0000-0x0cf7 window]
[    0.685678] pci_bus 0000:00: root bus resource [io  0x0d00-0xfeff window]
[    0.685679] pci_bus 0000:00: root bus resource [bus 00-7f]
[    0.685773] pci 0000:00:00.0: [8086:7190] type 00 class 0x060000
[    0.686304] pci 0000:00:01.0: [8086:7191] type 01 class 0x060400
[    0.686830] pci 0000:00:07.0: [8086:7110] type 00 class 0x060100
[    0.687462] pci 0000:00:07.1: [8086:7111] type 00 class 0x01018a
[    0.688476] pci 0000:00:07.1: reg 0x20: [io  0x1060-0x106f]
[    0.688854] pci 0000:00:07.1: legacy IDE quirk: reg 0x10: [io  0x01f0-0x01f7]
[    0.688855] pci 0000:00:07.1: legacy IDE quirk: reg 0x14: [io  0x03f6]
[    0.688856] pci 0000:00:07.1: legacy IDE quirk: reg 0x18: [io  0x0170-0x0177]
[    0.688857] pci 0000:00:07.1: legacy IDE quirk: reg 0x1c: [io  0x0376]
[    0.689114] pci 0000:00:07.3: [8086:7113] type 00 class 0x068000
[    0.690478] pci 0000:00:07.3: quirk: [io  0x1000-0x103f] claimed by PIIX4 ACPI
[    0.690489] pci 0000:00:07.3: quirk: [io  0x1040-0x104f] claimed by PIIX4 SMB
[    0.690763] pci 0000:00:07.7: [15ad:0740] type 00 class 0x088000
[    0.691159] pci 0000:00:07.7: reg 0x10: [io  0x1080-0x10bf]
[    0.691515] pci 0000:00:07.7: reg 0x14: [mem 0xfebfe000-0xfebfffff 64bit]
[    0.693304] pci 0000:00:0f.0: [15ad:0405] type 00 class 0x030000
[    0.694390] pci 0000:00:0f.0: reg 0x10: [io  0x1070-0x107f]
[    0.695334] pci 0000:00:0f.0: reg 0x14: [mem 0xe8000000-0xefffffff pref]
[    0.696258] pci 0000:00:0f.0: reg 0x18: [mem 0xfe000000-0xfe7fffff]
[    0.699660] pci 0000:00:0f.0: reg 0x30: [mem 0x00000000-0x00007fff pref]
[    0.699767] pci 0000:00:0f.0: Video device with shadowed ROM at [mem 0x000c0000-0x000dffff]
[    0.700155] pci 0000:00:10.0: [1000:0030] type 00 class 0x010000
[    0.700784] pci 0000:00:10.0: reg 0x10: [io  0x1400-0x14ff]
[    0.701176] pci 0000:00:10.0: reg 0x14: [mem 0xfeba0000-0xfebbffff 64bit]
[    0.701711] pci 0000:00:10.0: reg 0x1c: [mem 0xfebc0000-0xfebdffff 64bit]
[    0.702700] pci 0000:00:10.0: reg 0x30: [mem 0x00000000-0x00003fff pref]
[    0.703039] pci 0000:00:11.0: [15ad:0790] type 01 class 0x060401
[    0.703760] pci 0000:00:15.0: [15ad:07a0] type 01 class 0x060400
[    0.704478] pci 0000:00:15.0: PME# supported from D0 D3hot D3cold
[    0.704814] pci 0000:00:15.1: [15ad:07a0] type 01 class 0x060400
[    0.705525] pci 0000:00:15.1: PME# supported from D0 D3hot D3cold
[    0.705859] pci 0000:00:15.2: [15ad:07a0] type 01 class 0x060400
[    0.706576] pci 0000:00:15.2: PME# supported from D0 D3hot D3cold
[    0.706906] pci 0000:00:15.3: [15ad:07a0] type 01 class 0x060400
[    0.707626] pci 0000:00:15.3: PME# supported from D0 D3hot D3cold
[    0.707964] pci 0000:00:15.4: [15ad:07a0] type 01 class 0x060400
[    0.708675] pci 0000:00:15.4: PME# supported from D0 D3hot D3cold
[    0.709034] pci 0000:00:15.5: [15ad:07a0] type 01 class 0x060400
[    0.709752] pci 0000:00:15.5: PME# supported from D0 D3hot D3cold
[    0.710083] pci 0000:00:15.6: [15ad:07a0] type 01 class 0x060400
[    0.710795] pci 0000:00:15.6: PME# supported from D0 D3hot D3cold
[    0.711125] pci 0000:00:15.7: [15ad:07a0] type 01 class 0x060400
[    0.711842] pci 0000:00:15.7: PME# supported from D0 D3hot D3cold
[    0.712173] pci 0000:00:16.0: [15ad:07a0] type 01 class 0x060400
[    0.712892] pci 0000:00:16.0: PME# supported from D0 D3hot D3cold
[    0.713223] pci 0000:00:16.1: [15ad:07a0] type 01 class 0x060400
[    0.713935] pci 0000:00:16.1: PME# supported from D0 D3hot D3cold
[    0.714295] pci 0000:00:16.2: [15ad:07a0] type 01 class 0x060400
[    0.715008] pci 0000:00:16.2: PME# supported from D0 D3hot D3cold
[    0.715339] pci 0000:00:16.3: [15ad:07a0] type 01 class 0x060400
[    0.716052] pci 0000:00:16.3: PME# supported from D0 D3hot D3cold
[    0.716421] pci 0000:00:16.4: [15ad:07a0] type 01 class 0x060400
[    0.717127] pci 0000:00:16.4: PME# supported from D0 D3hot D3cold
[    0.717485] pci 0000:00:16.5: [15ad:07a0] type 01 class 0x060400
[    0.718195] pci 0000:00:16.5: PME# supported from D0 D3hot D3cold
[    0.718567] pci 0000:00:16.6: [15ad:07a0] type 01 class 0x060400
[    0.719282] pci 0000:00:16.6: PME# supported from D0 D3hot D3cold
[    0.719623] pci 0000:00:16.7: [15ad:07a0] type 01 class 0x060400
[    0.720334] pci 0000:00:16.7: PME# supported from D0 D3hot D3cold
[    0.720665] pci 0000:00:17.0: [15ad:07a0] type 01 class 0x060400
[    0.721382] pci 0000:00:17.0: PME# supported from D0 D3hot D3cold
[    0.721715] pci 0000:00:17.1: [15ad:07a0] type 01 class 0x060400
[    0.722432] pci 0000:00:17.1: PME# supported from D0 D3hot D3cold
[    0.722767] pci 0000:00:17.2: [15ad:07a0] type 01 class 0x060400
[    0.723479] pci 0000:00:17.2: PME# supported from D0 D3hot D3cold
[    0.723813] pci 0000:00:17.3: [15ad:07a0] type 01 class 0x060400
[    0.724547] pci 0000:00:17.3: PME# supported from D0 D3hot D3cold
[    0.724883] pci 0000:00:17.4: [15ad:07a0] type 01 class 0x060400
[    0.725602] pci 0000:00:17.4: PME# supported from D0 D3hot D3cold
[    0.725970] pci 0000:00:17.5: [15ad:07a0] type 01 class 0x060400
[    0.726690] pci 0000:00:17.5: PME# supported from D0 D3hot D3cold
[    0.727022] pci 0000:00:17.6: [15ad:07a0] type 01 class 0x060400
[    0.727735] pci 0000:00:17.6: PME# supported from D0 D3hot D3cold
[    0.728068] pci 0000:00:17.7: [15ad:07a0] type 01 class 0x060400
[    0.728894] pci 0000:00:17.7: PME# supported from D0 D3hot D3cold
[    0.729245] pci 0000:00:18.0: [15ad:07a0] type 01 class 0x060400
[    0.729959] pci 0000:00:18.0: PME# supported from D0 D3hot D3cold
[    0.730294] pci 0000:00:18.1: [15ad:07a0] type 01 class 0x060400
[    0.731010] pci 0000:00:18.1: PME# supported from D0 D3hot D3cold
[    0.731348] pci 0000:00:18.2: [15ad:07a0] type 01 class 0x060400
[    0.732056] pci 0000:00:18.2: PME# supported from D0 D3hot D3cold
[    0.732398] pci 0000:00:18.3: [15ad:07a0] type 01 class 0x060400
[    0.733103] pci 0000:00:18.3: PME# supported from D0 D3hot D3cold
[    0.733452] pci 0000:00:18.4: [15ad:07a0] type 01 class 0x060400
[    0.734160] pci 0000:00:18.4: PME# supported from D0 D3hot D3cold
[    0.734491] pci 0000:00:18.5: [15ad:07a0] type 01 class 0x060400
[    0.735200] pci 0000:00:18.5: PME# supported from D0 D3hot D3cold
[    0.735536] pci 0000:00:18.6: [15ad:07a0] type 01 class 0x060400
[    0.736244] pci 0000:00:18.6: PME# supported from D0 D3hot D3cold
[    0.736581] pci 0000:00:18.7: [15ad:07a0] type 01 class 0x060400
[    0.737281] pci 0000:00:18.7: PME# supported from D0 D3hot D3cold
[    0.737634] pci_bus 0000:01: extended config space not accessible
[    0.737668] pci 0000:00:01.0: PCI bridge to [bus 01]
[    0.737857] pci_bus 0000:02: extended config space not accessible
[    0.738026] acpiphp: Slot [32] registered
[    0.738044] acpiphp: Slot [33] registered
[    0.738062] acpiphp: Slot [34] registered
[    0.738078] acpiphp: Slot [35] registered
[    0.738093] acpiphp: Slot [36] registered
[    0.738108] acpiphp: Slot [37] registered
[    0.738123] acpiphp: Slot [38] registered
[    0.738138] acpiphp: Slot [39] registered
[    0.738155] acpiphp: Slot [40] registered
[    0.738170] acpiphp: Slot [41] registered
[    0.738185] acpiphp: Slot [42] registered
[    0.738199] acpiphp: Slot [43] registered
[    0.738214] acpiphp: Slot [44] registered
[    0.738229] acpiphp: Slot [45] registered
[    0.738245] acpiphp: Slot [46] registered
[    0.738260] acpiphp: Slot [47] registered
[    0.738275] acpiphp: Slot [48] registered
[    0.738290] acpiphp: Slot [49] registered
[    0.738311] acpiphp: Slot [50] registered
[    0.738326] acpiphp: Slot [51] registered
[    0.738341] acpiphp: Slot [52] registered
[    0.738358] acpiphp: Slot [53] registered
[    0.738373] acpiphp: Slot [54] registered
[    0.738388] acpiphp: Slot [55] registered
[    0.738403] acpiphp: Slot [56] registered
[    0.738418] acpiphp: Slot [57] registered
[    0.738433] acpiphp: Slot [58] registered
[    0.738449] acpiphp: Slot [59] registered
[    0.738464] acpiphp: Slot [60] registered
[    0.738479] acpiphp: Slot [61] registered
[    0.738494] acpiphp: Slot [62] registered
[    0.738508] acpiphp: Slot [63] registered
[    0.738574] pci 0000:02:00.0: [15ad:0774] type 00 class 0x0c0300
[    0.739787] pci 0000:02:00.0: reg 0x20: [io  0x2080-0x209f]
[    0.740838] pci 0000:02:01.0: [8086:100f] type 00 class 0x020000
[    0.741434] pci 0000:02:01.0: reg 0x10: [mem 0xfd5c0000-0xfd5dffff 64bit]
[    0.741963] pci 0000:02:01.0: reg 0x18: [mem 0xfdff0000-0xfdffffff 64bit]
[    0.742458] pci 0000:02:01.0: reg 0x20: [io  0x2000-0x203f]
[    0.743432] pci 0000:02:01.0: reg 0x30: [mem 0x00000000-0x0000ffff pref]
[    0.743694] pci 0000:02:01.0: PME# supported from D0 D3hot D3cold
[    0.744115] pci 0000:02:02.0: [1274:1371] type 00 class 0x040100
[    0.744358] pci 0000:02:02.0: reg 0x10: [io  0x2040-0x207f]
[    0.746000] pci 0000:02:03.0: [15ad:0770] type 00 class 0x0c0320
[    0.746305] pci 0000:02:03.0: reg 0x10: [mem 0xfd5ef000-0xfd5effff]
[    0.748406] pci 0000:02:05.0: [15ad:07e0] type 00 class 0x010601
[    0.749830] pci 0000:02:05.0: reg 0x24: [mem 0xfd5ee000-0xfd5eefff]
[    0.750068] pci 0000:02:05.0: reg 0x30: [mem 0x00000000-0x0000ffff pref]
[    0.750425] pci 0000:02:05.0: PME# supported from D3hot
[    0.751067] pci 0000:00:11.0: PCI bridge to [bus 02] (subtractive decode)
[    0.751093] pci 0000:00:11.0:   bridge window [io  0x2000-0x3fff]
[    0.751111] pci 0000:00:11.0:   bridge window [mem 0xfd500000-0xfdffffff]
[    0.751147] pci 0000:00:11.0:   bridge window [mem 0xe7b00000-0xe7ffffff 64bit pref]
[    0.751148] pci 0000:00:11.0:   bridge window [mem 0x000a0000-0x000bffff window] (subtractive decode)
[    0.751149] pci 0000:00:11.0:   bridge window [mem 0x000d0000-0x000dbfff window] (subtractive decode)
[    0.751150] pci 0000:00:11.0:   bridge window [mem 0xc0000000-0xfebfffff window] (subtractive decode)
[    0.751151] pci 0000:00:11.0:   bridge window [io  0x0000-0x0cf7 window] (subtractive decode)
[    0.751152] pci 0000:00:11.0:   bridge window [io  0x0d00-0xfeff window] (subtractive decode)
[    0.751420] pci 0000:00:15.0: PCI bridge to [bus 03]
[    0.751438] pci 0000:00:15.0:   bridge window [io  0x4000-0x4fff]
[    0.751456] pci 0000:00:15.0:   bridge window [mem 0xfd400000-0xfd4fffff]
[    0.751491] pci 0000:00:15.0:   bridge window [mem 0xe7a00000-0xe7afffff 64bit pref]
[    0.751773] pci 0000:00:15.1: PCI bridge to [bus 04]
[    0.751791] pci 0000:00:15.1:   bridge window [io  0x8000-0x8fff]
[    0.751809] pci 0000:00:15.1:   bridge window [mem 0xfd000000-0xfd0fffff]
[    0.751844] pci 0000:00:15.1:   bridge window [mem 0xe7600000-0xe76fffff 64bit pref]
[    0.752110] pci 0000:00:15.2: PCI bridge to [bus 05]
[    0.752128] pci 0000:00:15.2:   bridge window [io  0xc000-0xcfff]
[    0.752147] pci 0000:00:15.2:   bridge window [mem 0xfcc00000-0xfccfffff]
[    0.752181] pci 0000:00:15.2:   bridge window [mem 0xe7200000-0xe72fffff 64bit pref]
[    0.752441] pci 0000:00:15.3: PCI bridge to [bus 06]
[    0.752476] pci 0000:00:15.3:   bridge window [mem 0xfc800000-0xfc8fffff]
[    0.752511] pci 0000:00:15.3:   bridge window [mem 0xe6e00000-0xe6efffff 64bit pref]
[    0.752783] pci 0000:00:15.4: PCI bridge to [bus 07]
[    0.752819] pci 0000:00:15.4:   bridge window [mem 0xfc400000-0xfc4fffff]
[    0.752854] pci 0000:00:15.4:   bridge window [mem 0xe6a00000-0xe6afffff 64bit pref]
[    0.753169] pci 0000:00:15.5: PCI bridge to [bus 08]
[    0.753213] pci 0000:00:15.5:   bridge window [mem 0xfc000000-0xfc0fffff]
[    0.753272] pci 0000:00:15.5:   bridge window [mem 0xe6600000-0xe66fffff 64bit pref]
[    0.753545] pci 0000:00:15.6: PCI bridge to [bus 09]
[    0.753580] pci 0000:00:15.6:   bridge window [mem 0xfbc00000-0xfbcfffff]
[    0.753615] pci 0000:00:15.6:   bridge window [mem 0xe6200000-0xe62fffff 64bit pref]
[    0.753877] pci 0000:00:15.7: PCI bridge to [bus 0a]
[    0.753912] pci 0000:00:15.7:   bridge window [mem 0xfb800000-0xfb8fffff]
[    0.753947] pci 0000:00:15.7:   bridge window [mem 0xe5e00000-0xe5efffff 64bit pref]
[    0.754225] pci 0000:00:16.0: PCI bridge to [bus 0b]
[    0.754244] pci 0000:00:16.0:   bridge window [io  0x5000-0x5fff]
[    0.754262] pci 0000:00:16.0:   bridge window [mem 0xfd300000-0xfd3fffff]
[    0.754297] pci 0000:00:16.0:   bridge window [mem 0xe7900000-0xe79fffff 64bit pref]
[    0.754557] pci 0000:00:16.1: PCI bridge to [bus 0c]
[    0.754575] pci 0000:00:16.1:   bridge window [io  0x9000-0x9fff]
[    0.754593] pci 0000:00:16.1:   bridge window [mem 0xfcf00000-0xfcffffff]
[    0.754628] pci 0000:00:16.1:   bridge window [mem 0xe7500000-0xe75fffff 64bit pref]
[    0.754894] pci 0000:00:16.2: PCI bridge to [bus 0d]
[    0.754912] pci 0000:00:16.2:   bridge window [io  0xd000-0xdfff]
[    0.754931] pci 0000:00:16.2:   bridge window [mem 0xfcb00000-0xfcbfffff]
[    0.754965] pci 0000:00:16.2:   bridge window [mem 0xe7100000-0xe71fffff 64bit pref]
[    0.755233] pci 0000:00:16.3: PCI bridge to [bus 0e]
[    0.755268] pci 0000:00:16.3:   bridge window [mem 0xfc700000-0xfc7fffff]
[    0.755303] pci 0000:00:16.3:   bridge window [mem 0xe6d00000-0xe6dfffff 64bit pref]
[    0.755577] pci 0000:00:16.4: PCI bridge to [bus 0f]
[    0.755612] pci 0000:00:16.4:   bridge window [mem 0xfc300000-0xfc3fffff]
[    0.755647] pci 0000:00:16.4:   bridge window [mem 0xe6900000-0xe69fffff 64bit pref]
[    0.755908] pci 0000:00:16.5: PCI bridge to [bus 10]
[    0.755943] pci 0000:00:16.5:   bridge window [mem 0xfbf00000-0xfbffffff]
[    0.755978] pci 0000:00:16.5:   bridge window [mem 0xe6500000-0xe65fffff 64bit pref]
[    0.756270] pci 0000:00:16.6: PCI bridge to [bus 11]
[    0.756311] pci 0000:00:16.6:   bridge window [mem 0xfbb00000-0xfbbfffff]
[    0.756353] pci 0000:00:16.6:   bridge window [mem 0xe6100000-0xe61fffff 64bit pref]
[    0.756650] pci 0000:00:16.7: PCI bridge to [bus 12]
[    0.756686] pci 0000:00:16.7:   bridge window [mem 0xfb700000-0xfb7fffff]
[    0.756721] pci 0000:00:16.7:   bridge window [mem 0xe5d00000-0xe5dfffff 64bit pref]
[    0.756994] pci 0000:00:17.0: PCI bridge to [bus 13]
[    0.757012] pci 0000:00:17.0:   bridge window [io  0x6000-0x6fff]
[    0.757030] pci 0000:00:17.0:   bridge window [mem 0xfd200000-0xfd2fffff]
[    0.757072] pci 0000:00:17.0:   bridge window [mem 0xe7800000-0xe78fffff 64bit pref]
[    0.757395] pci 0000:00:17.1: PCI bridge to [bus 14]
[    0.757413] pci 0000:00:17.1:   bridge window [io  0xa000-0xafff]
[    0.757431] pci 0000:00:17.1:   bridge window [mem 0xfce00000-0xfcefffff]
[    0.757466] pci 0000:00:17.1:   bridge window [mem 0xe7400000-0xe74fffff 64bit pref]
[    0.757726] pci 0000:00:17.2: PCI bridge to [bus 15]
[    0.757744] pci 0000:00:17.2:   bridge window [io  0xe000-0xefff]
[    0.757762] pci 0000:00:17.2:   bridge window [mem 0xfca00000-0xfcafffff]
[    0.757797] pci 0000:00:17.2:   bridge window [mem 0xe7000000-0xe70fffff 64bit pref]
[    0.758064] pci 0000:00:17.3: PCI bridge to [bus 16]
[    0.758099] pci 0000:00:17.3:   bridge window [mem 0xfc600000-0xfc6fffff]
[    0.758134] pci 0000:00:17.3:   bridge window [mem 0xe6c00000-0xe6cfffff 64bit pref]
[    0.758394] pci 0000:00:17.4: PCI bridge to [bus 17]
[    0.758429] pci 0000:00:17.4:   bridge window [mem 0xfc200000-0xfc2fffff]
[    0.758464] pci 0000:00:17.4:   bridge window [mem 0xe6800000-0xe68fffff 64bit pref]
[    0.758729] pci 0000:00:17.5: PCI bridge to [bus 18]
[    0.758764] pci 0000:00:17.5:   bridge window [mem 0xfbe00000-0xfbefffff]
[    0.758799] pci 0000:00:17.5:   bridge window [mem 0xe6400000-0xe64fffff 64bit pref]
[    0.759067] pci 0000:00:17.6: PCI bridge to [bus 19]
[    0.759102] pci 0000:00:17.6:   bridge window [mem 0xfba00000-0xfbafffff]
[    0.759137] pci 0000:00:17.6:   bridge window [mem 0xe6000000-0xe60fffff 64bit pref]
[    0.759398] pci 0000:00:17.7: PCI bridge to [bus 1a]
[    0.759433] pci 0000:00:17.7:   bridge window [mem 0xfb600000-0xfb6fffff]
[    0.759467] pci 0000:00:17.7:   bridge window [mem 0xe5c00000-0xe5cfffff 64bit pref]
[    0.759724] pci 0000:00:18.0: PCI bridge to [bus 1b]
[    0.759742] pci 0000:00:18.0:   bridge window [io  0x7000-0x7fff]
[    0.759760] pci 0000:00:18.0:   bridge window [mem 0xfd100000-0xfd1fffff]
[    0.759795] pci 0000:00:18.0:   bridge window [mem 0xe7700000-0xe77fffff 64bit pref]
[    0.760074] pci 0000:00:18.1: PCI bridge to [bus 1c]
[    0.760092] pci 0000:00:18.1:   bridge window [io  0xb000-0xbfff]
[    0.760110] pci 0000:00:18.1:   bridge window [mem 0xfcd00000-0xfcdfffff]
[    0.760145] pci 0000:00:18.1:   bridge window [mem 0xe7300000-0xe73fffff 64bit pref]
[    0.760426] pci 0000:00:18.2: PCI bridge to [bus 1d]
[    0.760461] pci 0000:00:18.2:   bridge window [mem 0xfc900000-0xfc9fffff]
[    0.760496] pci 0000:00:18.2:   bridge window [mem 0xe6f00000-0xe6ffffff 64bit pref]
[    0.760754] pci 0000:00:18.3: PCI bridge to [bus 1e]
[    0.760789] pci 0000:00:18.3:   bridge window [mem 0xfc500000-0xfc5fffff]
[    0.760824] pci 0000:00:18.3:   bridge window [mem 0xe6b00000-0xe6bfffff 64bit pref]
[    0.761086] pci 0000:00:18.4: PCI bridge to [bus 1f]
[    0.761121] pci 0000:00:18.4:   bridge window [mem 0xfc100000-0xfc1fffff]
[    0.761156] pci 0000:00:18.4:   bridge window [mem 0xe6700000-0xe67fffff 64bit pref]
[    0.761416] pci 0000:00:18.5: PCI bridge to [bus 20]
[    0.761451] pci 0000:00:18.5:   bridge window [mem 0xfbd00000-0xfbdfffff]
[    0.761486] pci 0000:00:18.5:   bridge window [mem 0xe6300000-0xe63fffff 64bit pref]
[    0.761745] pci 0000:00:18.6: PCI bridge to [bus 21]
[    0.761780] pci 0000:00:18.6:   bridge window [mem 0xfb900000-0xfb9fffff]
[    0.761815] pci 0000:00:18.6:   bridge window [mem 0xe5f00000-0xe5ffffff 64bit pref]
[    0.762084] pci 0000:00:18.7: PCI bridge to [bus 22]
[    0.762119] pci 0000:00:18.7:   bridge window [mem 0xfb500000-0xfb5fffff]
[    0.762155] pci 0000:00:18.7:   bridge window [mem 0xe5b00000-0xe5bfffff 64bit pref]
[    0.764283] ACPI: PCI: Interrupt link LNKA configured for IRQ 9
[    0.764342] ACPI: PCI: Interrupt link LNKB configured for IRQ 11
[    0.764399] ACPI: PCI: Interrupt link LNKC configured for IRQ 10
[    0.764455] ACPI: PCI: Interrupt link LNKD configured for IRQ 7
[    0.786818] iommu: Default domain type: Translated 
[    0.786818] iommu: DMA domain TLB invalidation policy: lazy mode 
[    0.786818] SCSI subsystem initialized
[    0.786818] libata version 3.00 loaded.
[    0.786818] ACPI: bus type USB registered
[    0.786818] usbcore: registered new interface driver usbfs
[    0.786818] usbcore: registered new interface driver hub
[    0.786818] usbcore: registered new device driver usb
[    0.786818] EDAC MC: Ver: 3.0.0
[    0.789087] NetLabel: Initializing
[    0.789087] NetLabel:  domain hash size = 128
[    0.789087] NetLabel:  protocols = UNLABELED CIPSOv4 CALIPSO
[    0.789091] NetLabel:  unlabeled traffic allowed by default
[    0.789126] PCI: Using ACPI for IRQ routing
[    0.790822] PCI: pci_cache_line_size set to 64 bytes
[    0.791654] e820: reserve RAM buffer [mem 0x0009e800-0x0009ffff]
[    0.791656] e820: reserve RAM buffer [mem 0xbfed0000-0xbfffffff]
[    0.791677] pci 0000:00:0f.0: vgaarb: setting as boot VGA device
[    0.791677] pci 0000:00:0f.0: vgaarb: bridge control possible
[    0.791677] pci 0000:00:0f.0: vgaarb: VGA device added: decodes=io+mem,owns=io+mem,locks=none
[    0.791677] vgaarb: loaded
[    0.792878] hpet0: at MMIO 0xfed00000, IRQs 2, 8, 0, 0, 0, 0, 0, 0, 0, 0, 0, 0, 0, 0, 0, 0
[    0.792885] hpet0: 16 comparators, 64-bit 14.318180 MHz counter
[    0.795054] clocksource: Switched to clocksource tsc-early
[    0.926487] VFS: Disk quotas dquot_6.6.0
[    0.926512] VFS: Dquot-cache hash table entries: 512 (order 0, 4096 bytes)
[    0.926818] AppArmor: AppArmor Filesystem Enabled
[    0.926831] pnp: PnP ACPI init
[    0.926987] system 00:00: [io  0x1000-0x103f] has been reserved
[    0.926989] system 00:00: [io  0x1040-0x104f] has been reserved
[    0.926991] system 00:00: [io  0x0cf0-0x0cf1] has been reserved
[    0.927208] system 00:04: [mem 0xfed00000-0xfed003ff] has been reserved
[    0.928535] system 00:06: [io  0xfce0-0xfcff] has been reserved
[    0.928538] system 00:06: [mem 0xf0000000-0xf7ffffff] has been reserved
[    0.928539] system 00:06: [mem 0xfe800000-0xfe9fffff] has been reserved
[    0.928657] system 00:07: [mem 0xfec10000-0xfec10fff] could not be reserved
[    0.945906] pnp: PnP ACPI: found 8 devices
[    0.958208] clocksource: acpi_pm: mask: 0xffffff max_cycles: 0xffffff, max_idle_ns: 2085701024 ns
[    0.958263] NET: Registered PF_INET protocol family
[    0.959234] IP idents hash table entries: 65536 (order: 7, 524288 bytes, linear)
[    0.959649] tcp_listen_portaddr_hash hash table entries: 2048 (order: 3, 32768 bytes, linear)
[    0.959742] TCP established hash table entries: 32768 (order: 6, 262144 bytes, linear)
[    0.960103] TCP bind hash table entries: 32768 (order: 7, 524288 bytes, linear)
[    0.961029] TCP: Hash tables configured (established 32768 bind 32768)
[    0.961657] UDP hash table entries: 2048 (order: 4, 65536 bytes, linear)
[    0.961676] UDP-Lite hash table entries: 2048 (order: 4, 65536 bytes, linear)
[    1.005162] NET: Registered PF_UNIX/PF_LOCAL protocol family
[    1.005181] pci 0000:00:15.3: bridge window [io  0x1000-0x0fff] to [bus 06] add_size 1000
[    1.005184] pci 0000:00:15.4: bridge window [io  0x1000-0x0fff] to [bus 07] add_size 1000
[    1.005185] pci 0000:00:15.5: bridge window [io  0x1000-0x0fff] to [bus 08] add_size 1000
[    1.005186] pci 0000:00:15.6: bridge window [io  0x1000-0x0fff] to [bus 09] add_size 1000
[    1.005187] pci 0000:00:15.7: bridge window [io  0x1000-0x0fff] to [bus 0a] add_size 1000
[    1.005189] pci 0000:00:16.3: bridge window [io  0x1000-0x0fff] to [bus 0e] add_size 1000
[    1.005190] pci 0000:00:16.4: bridge window [io  0x1000-0x0fff] to [bus 0f] add_size 1000
[    1.005191] pci 0000:00:16.5: bridge window [io  0x1000-0x0fff] to [bus 10] add_size 1000
[    1.005192] pci 0000:00:16.6: bridge window [io  0x1000-0x0fff] to [bus 11] add_size 1000
[    1.005193] pci 0000:00:16.7: bridge window [io  0x1000-0x0fff] to [bus 12] add_size 1000
[    1.005194] pci 0000:00:17.3: bridge window [io  0x1000-0x0fff] to [bus 16] add_size 1000
[    1.005195] pci 0000:00:17.4: bridge window [io  0x1000-0x0fff] to [bus 17] add_size 1000
[    1.005196] pci 0000:00:17.5: bridge window [io  0x1000-0x0fff] to [bus 18] add_size 1000
[    1.005197] pci 0000:00:17.6: bridge window [io  0x1000-0x0fff] to [bus 19] add_size 1000
[    1.005198] pci 0000:00:17.7: bridge window [io  0x1000-0x0fff] to [bus 1a] add_size 1000
[    1.005200] pci 0000:00:18.2: bridge window [io  0x1000-0x0fff] to [bus 1d] add_size 1000
[    1.005201] pci 0000:00:18.3: bridge window [io  0x1000-0x0fff] to [bus 1e] add_size 1000
[    1.005202] pci 0000:00:18.4: bridge window [io  0x1000-0x0fff] to [bus 1f] add_size 1000
[    1.005203] pci 0000:00:18.5: bridge window [io  0x1000-0x0fff] to [bus 20] add_size 1000
[    1.005204] pci 0000:00:18.6: bridge window [io  0x1000-0x0fff] to [bus 21] add_size 1000
[    1.005205] pci 0000:00:18.7: bridge window [io  0x1000-0x0fff] to [bus 22] add_size 1000
[    1.005216] pci 0000:00:10.0: BAR 6: assigned [mem 0xc0000000-0xc0003fff pref]
[    1.005219] pci 0000:00:15.3: BAR 13: no space for [io  size 0x1000]
[    1.005221] pci 0000:00:15.3: BAR 13: failed to assign [io  size 0x1000]
[    1.005222] pci 0000:00:15.4: BAR 13: no space for [io  size 0x1000]
[    1.005223] pci 0000:00:15.4: BAR 13: failed to assign [io  size 0x1000]
[    1.005225] pci 0000:00:15.5: BAR 13: no space for [io  size 0x1000]
[    1.005225] pci 0000:00:15.5: BAR 13: failed to assign [io  size 0x1000]
[    1.005227] pci 0000:00:15.6: BAR 13: no space for [io  size 0x1000]
[    1.005227] pci 0000:00:15.6: BAR 13: failed to assign [io  size 0x1000]
[    1.005229] pci 0000:00:15.7: BAR 13: no space for [io  size 0x1000]
[    1.005230] pci 0000:00:15.7: BAR 13: failed to assign [io  size 0x1000]
[    1.005231] pci 0000:00:16.3: BAR 13: no space for [io  size 0x1000]
[    1.005232] pci 0000:00:16.3: BAR 13: failed to assign [io  size 0x1000]
[    1.005233] pci 0000:00:16.4: BAR 13: no space for [io  size 0x1000]
[    1.005234] pci 0000:00:16.4: BAR 13: failed to assign [io  size 0x1000]
[    1.005235] pci 0000:00:16.5: BAR 13: no space for [io  size 0x1000]
[    1.005236] pci 0000:00:16.5: BAR 13: failed to assign [io  size 0x1000]
[    1.005237] pci 0000:00:16.6: BAR 13: no space for [io  size 0x1000]
[    1.005238] pci 0000:00:16.6: BAR 13: failed to assign [io  size 0x1000]
[    1.005239] pci 0000:00:16.7: BAR 13: no space for [io  size 0x1000]
[    1.005240] pci 0000:00:16.7: BAR 13: failed to assign [io  size 0x1000]
[    1.005241] pci 0000:00:17.3: BAR 13: no space for [io  size 0x1000]
[    1.005242] pci 0000:00:17.3: BAR 13: failed to assign [io  size 0x1000]
[    1.005243] pci 0000:00:17.4: BAR 13: no space for [io  size 0x1000]
[    1.005244] pci 0000:00:17.4: BAR 13: failed to assign [io  size 0x1000]
[    1.005246] pci 0000:00:17.5: BAR 13: no space for [io  size 0x1000]
[    1.005246] pci 0000:00:17.5: BAR 13: failed to assign [io  size 0x1000]
[    1.005248] pci 0000:00:17.6: BAR 13: no space for [io  size 0x1000]
[    1.005248] pci 0000:00:17.6: BAR 13: failed to assign [io  size 0x1000]
[    1.005250] pci 0000:00:17.7: BAR 13: no space for [io  size 0x1000]
[    1.005250] pci 0000:00:17.7: BAR 13: failed to assign [io  size 0x1000]
[    1.005252] pci 0000:00:18.2: BAR 13: no space for [io  size 0x1000]
[    1.005252] pci 0000:00:18.2: BAR 13: failed to assign [io  size 0x1000]
[    1.005254] pci 0000:00:18.3: BAR 13: no space for [io  size 0x1000]
[    1.005254] pci 0000:00:18.3: BAR 13: failed to assign [io  size 0x1000]
[    1.005256] pci 0000:00:18.4: BAR 13: no space for [io  size 0x1000]
[    1.005256] pci 0000:00:18.4: BAR 13: failed to assign [io  size 0x1000]
[    1.005258] pci 0000:00:18.5: BAR 13: no space for [io  size 0x1000]
[    1.005258] pci 0000:00:18.5: BAR 13: failed to assign [io  size 0x1000]
[    1.005260] pci 0000:00:18.6: BAR 13: no space for [io  size 0x1000]
[    1.005260] pci 0000:00:18.6: BAR 13: failed to assign [io  size 0x1000]
[    1.005262] pci 0000:00:18.7: BAR 13: no space for [io  size 0x1000]
[    1.005263] pci 0000:00:18.7: BAR 13: failed to assign [io  size 0x1000]
[    1.005266] pci 0000:00:18.7: BAR 13: no space for [io  size 0x1000]
[    1.005267] pci 0000:00:18.7: BAR 13: failed to assign [io  size 0x1000]
[    1.005269] pci 0000:00:18.6: BAR 13: no space for [io  size 0x1000]
[    1.005269] pci 0000:00:18.6: BAR 13: failed to assign [io  size 0x1000]
[    1.005271] pci 0000:00:18.5: BAR 13: no space for [io  size 0x1000]
[    1.005271] pci 0000:00:18.5: BAR 13: failed to assign [io  size 0x1000]
[    1.005273] pci 0000:00:18.4: BAR 13: no space for [io  size 0x1000]
[    1.005273] pci 0000:00:18.4: BAR 13: failed to assign [io  size 0x1000]
[    1.005275] pci 0000:00:18.3: BAR 13: no space for [io  size 0x1000]
[    1.005275] pci 0000:00:18.3: BAR 13: failed to assign [io  size 0x1000]
[    1.005277] pci 0000:00:18.2: BAR 13: no space for [io  size 0x1000]
[    1.005278] pci 0000:00:18.2: BAR 13: failed to assign [io  size 0x1000]
[    1.005279] pci 0000:00:17.7: BAR 13: no space for [io  size 0x1000]
[    1.005280] pci 0000:00:17.7: BAR 13: failed to assign [io  size 0x1000]
[    1.005281] pci 0000:00:17.6: BAR 13: no space for [io  size 0x1000]
[    1.005282] pci 0000:00:17.6: BAR 13: failed to assign [io  size 0x1000]
[    1.005283] pci 0000:00:17.5: BAR 13: no space for [io  size 0x1000]
[    1.005284] pci 0000:00:17.5: BAR 13: failed to assign [io  size 0x1000]
[    1.005285] pci 0000:00:17.4: BAR 13: no space for [io  size 0x1000]
[    1.005286] pci 0000:00:17.4: BAR 13: failed to assign [io  size 0x1000]
[    1.005287] pci 0000:00:17.3: BAR 13: no space for [io  size 0x1000]
[    1.005288] pci 0000:00:17.3: BAR 13: failed to assign [io  size 0x1000]
[    1.005289] pci 0000:00:16.7: BAR 13: no space for [io  size 0x1000]
[    1.005290] pci 0000:00:16.7: BAR 13: failed to assign [io  size 0x1000]
[    1.005291] pci 0000:00:16.6: BAR 13: no space for [io  size 0x1000]
[    1.005292] pci 0000:00:16.6: BAR 13: failed to assign [io  size 0x1000]
[    1.005294] pci 0000:00:16.5: BAR 13: no space for [io  size 0x1000]
[    1.005294] pci 0000:00:16.5: BAR 13: failed to assign [io  size 0x1000]
[    1.005296] pci 0000:00:16.4: BAR 13: no space for [io  size 0x1000]
[    1.005296] pci 0000:00:16.4: BAR 13: failed to assign [io  size 0x1000]
[    1.005298] pci 0000:00:16.3: BAR 13: no space for [io  size 0x1000]
[    1.005298] pci 0000:00:16.3: BAR 13: failed to assign [io  size 0x1000]
[    1.005300] pci 0000:00:15.7: BAR 13: no space for [io  size 0x1000]
[    1.005300] pci 0000:00:15.7: BAR 13: failed to assign [io  size 0x1000]
[    1.005302] pci 0000:00:15.6: BAR 13: no space for [io  size 0x1000]
[    1.005302] pci 0000:00:15.6: BAR 13: failed to assign [io  size 0x1000]
[    1.005304] pci 0000:00:15.5: BAR 13: no space for [io  size 0x1000]
[    1.005304] pci 0000:00:15.5: BAR 13: failed to assign [io  size 0x1000]
[    1.005306] pci 0000:00:15.4: BAR 13: no space for [io  size 0x1000]
[    1.005306] pci 0000:00:15.4: BAR 13: failed to assign [io  size 0x1000]
[    1.005308] pci 0000:00:15.3: BAR 13: no space for [io  size 0x1000]
[    1.005308] pci 0000:00:15.3: BAR 13: failed to assign [io  size 0x1000]
[    1.005310] pci 0000:00:01.0: PCI bridge to [bus 01]
[    1.005401] pci 0000:02:01.0: BAR 6: assigned [mem 0xfd500000-0xfd50ffff pref]
[    1.005402] pci 0000:02:05.0: BAR 6: assigned [mem 0xfd510000-0xfd51ffff pref]
[    1.005404] pci 0000:00:11.0: PCI bridge to [bus 02]
[    1.005415] pci 0000:00:11.0:   bridge window [io  0x2000-0x3fff]
[    1.005441] pci 0000:00:11.0:   bridge window [mem 0xfd500000-0xfdffffff]
[    1.005459] pci 0000:00:11.0:   bridge window [mem 0xe7b00000-0xe7ffffff 64bit pref]
[    1.005494] pci 0000:00:15.0: PCI bridge to [bus 03]
[    1.005504] pci 0000:00:15.0:   bridge window [io  0x4000-0x4fff]
[    1.005531] pci 0000:00:15.0:   bridge window [mem 0xfd400000-0xfd4fffff]
[    1.005548] pci 0000:00:15.0:   bridge window [mem 0xe7a00000-0xe7afffff 64bit pref]
[    1.005613] pci 0000:00:15.1: PCI bridge to [bus 04]
[    1.005623] pci 0000:00:15.1:   bridge window [io  0x8000-0x8fff]
[    1.005650] pci 0000:00:15.1:   bridge window [mem 0xfd000000-0xfd0fffff]
[    1.005678] pci 0000:00:15.1:   bridge window [mem 0xe7600000-0xe76fffff 64bit pref]
[    1.005722] pci 0000:00:15.2: PCI bridge to [bus 05]
[    1.005732] pci 0000:00:15.2:   bridge window [io  0xc000-0xcfff]
[    1.005758] pci 0000:00:15.2:   bridge window [mem 0xfcc00000-0xfccfffff]
[    1.005776] pci 0000:00:15.2:   bridge window [mem 0xe7200000-0xe72fffff 64bit pref]
[    1.005819] pci 0000:00:15.3: PCI bridge to [bus 06]
[    1.005846] pci 0000:00:15.3:   bridge window [mem 0xfc800000-0xfc8fffff]
[    1.005864] pci 0000:00:15.3:   bridge window [mem 0xe6e00000-0xe6efffff 64bit pref]
[    1.005906] pci 0000:00:15.4: PCI bridge to [bus 07]
[    1.005933] pci 0000:00:15.4:   bridge window [mem 0xfc400000-0xfc4fffff]
[    1.005951] pci 0000:00:15.4:   bridge window [mem 0xe6a00000-0xe6afffff 64bit pref]
[    1.005993] pci 0000:00:15.5: PCI bridge to [bus 08]
[    1.006019] pci 0000:00:15.5:   bridge window [mem 0xfc000000-0xfc0fffff]
[    1.006037] pci 0000:00:15.5:   bridge window [mem 0xe6600000-0xe66fffff 64bit pref]
[    1.006080] pci 0000:00:15.6: PCI bridge to [bus 09]
[    1.006106] pci 0000:00:15.6:   bridge window [mem 0xfbc00000-0xfbcfffff]
[    1.006124] pci 0000:00:15.6:   bridge window [mem 0xe6200000-0xe62fffff 64bit pref]
[    1.006166] pci 0000:00:15.7: PCI bridge to [bus 0a]
[    1.006193] pci 0000:00:15.7:   bridge window [mem 0xfb800000-0xfb8fffff]
[    1.006210] pci 0000:00:15.7:   bridge window [mem 0xe5e00000-0xe5efffff 64bit pref]
[    1.006253] pci 0000:00:16.0: PCI bridge to [bus 0b]
[    1.006262] pci 0000:00:16.0:   bridge window [io  0x5000-0x5fff]
[    1.006289] pci 0000:00:16.0:   bridge window [mem 0xfd300000-0xfd3fffff]
[    1.006306] pci 0000:00:16.0:   bridge window [mem 0xe7900000-0xe79fffff 64bit pref]
[    1.006348] pci 0000:00:16.1: PCI bridge to [bus 0c]
[    1.006358] pci 0000:00:16.1:   bridge window [io  0x9000-0x9fff]
[    1.006385] pci 0000:00:16.1:   bridge window [mem 0xfcf00000-0xfcffffff]
[    1.006402] pci 0000:00:16.1:   bridge window [mem 0xe7500000-0xe75fffff 64bit pref]
[    1.006445] pci 0000:00:16.2: PCI bridge to [bus 0d]
[    1.006455] pci 0000:00:16.2:   bridge window [io  0xd000-0xdfff]
[    1.006481] pci 0000:00:16.2:   bridge window [mem 0xfcb00000-0xfcbfffff]
[    1.006499] pci 0000:00:16.2:   bridge window [mem 0xe7100000-0xe71fffff 64bit pref]
[    1.006541] pci 0000:00:16.3: PCI bridge to [bus 0e]
[    1.006568] pci 0000:00:16.3:   bridge window [mem 0xfc700000-0xfc7fffff]
[    1.006586] pci 0000:00:16.3:   bridge window [mem 0xe6d00000-0xe6dfffff 64bit pref]
[    1.006627] pci 0000:00:16.4: PCI bridge to [bus 0f]
[    1.006661] pci 0000:00:16.4:   bridge window [mem 0xfc300000-0xfc3fffff]
[    1.006679] pci 0000:00:16.4:   bridge window [mem 0xe6900000-0xe69fffff 64bit pref]
[    1.006722] pci 0000:00:16.5: PCI bridge to [bus 10]
[    1.006749] pci 0000:00:16.5:   bridge window [mem 0xfbf00000-0xfbffffff]
[    1.006767] pci 0000:00:16.5:   bridge window [mem 0xe6500000-0xe65fffff 64bit pref]
[    1.006809] pci 0000:00:16.6: PCI bridge to [bus 11]
[    1.006836] pci 0000:00:16.6:   bridge window [mem 0xfbb00000-0xfbbfffff]
[    1.006853] pci 0000:00:16.6:   bridge window [mem 0xe6100000-0xe61fffff 64bit pref]
[    1.006896] pci 0000:00:16.7: PCI bridge to [bus 12]
[    1.006922] pci 0000:00:16.7:   bridge window [mem 0xfb700000-0xfb7fffff]
[    1.006940] pci 0000:00:16.7:   bridge window [mem 0xe5d00000-0xe5dfffff 64bit pref]
[    1.007279] pci 0000:00:17.0: PCI bridge to [bus 13]
[    1.007291] pci 0000:00:17.0:   bridge window [io  0x6000-0x6fff]
[    1.007318] pci 0000:00:17.0:   bridge window [mem 0xfd200000-0xfd2fffff]
[    1.007342] pci 0000:00:17.0:   bridge window [mem 0xe7800000-0xe78fffff 64bit pref]
[    1.007386] pci 0000:00:17.1: PCI bridge to [bus 14]
[    1.007397] pci 0000:00:17.1:   bridge window [io  0xa000-0xafff]
[    1.007423] pci 0000:00:17.1:   bridge window [mem 0xfce00000-0xfcefffff]
[    1.007441] pci 0000:00:17.1:   bridge window [mem 0xe7400000-0xe74fffff 64bit pref]
[    1.007490] pci 0000:00:17.2: PCI bridge to [bus 15]
[    1.007500] pci 0000:00:17.2:   bridge window [io  0xe000-0xefff]
[    1.007526] pci 0000:00:17.2:   bridge window [mem 0xfca00000-0xfcafffff]
[    1.007550] pci 0000:00:17.2:   bridge window [mem 0xe7000000-0xe70fffff 64bit pref]
[    1.007592] pci 0000:00:17.3: PCI bridge to [bus 16]
[    1.007626] pci 0000:00:17.3:   bridge window [mem 0xfc600000-0xfc6fffff]
[    1.007644] pci 0000:00:17.3:   bridge window [mem 0xe6c00000-0xe6cfffff 64bit pref]
[    1.007703] pci 0000:00:17.4: PCI bridge to [bus 17]
[    1.007736] pci 0000:00:17.4:   bridge window [mem 0xfc200000-0xfc2fffff]
[    1.007761] pci 0000:00:17.4:   bridge window [mem 0xe6800000-0xe68fffff 64bit pref]
[    1.007810] pci 0000:00:17.5: PCI bridge to [bus 18]
[    1.007843] pci 0000:00:17.5:   bridge window [mem 0xfbe00000-0xfbefffff]
[    1.007861] pci 0000:00:17.5:   bridge window [mem 0xe6400000-0xe64fffff 64bit pref]
[    1.007904] pci 0000:00:17.6: PCI bridge to [bus 19]
[    1.007931] pci 0000:00:17.6:   bridge window [mem 0xfba00000-0xfbafffff]
[    1.007949] pci 0000:00:17.6:   bridge window [mem 0xe6000000-0xe60fffff 64bit pref]
[    1.007991] pci 0000:00:17.7: PCI bridge to [bus 1a]
[    1.008017] pci 0000:00:17.7:   bridge window [mem 0xfb600000-0xfb6fffff]
[    1.008035] pci 0000:00:17.7:   bridge window [mem 0xe5c00000-0xe5cfffff 64bit pref]
[    1.008077] pci 0000:00:18.0: PCI bridge to [bus 1b]
[    1.008087] pci 0000:00:18.0:   bridge window [io  0x7000-0x7fff]
[    1.008113] pci 0000:00:18.0:   bridge window [mem 0xfd100000-0xfd1fffff]
[    1.008131] pci 0000:00:18.0:   bridge window [mem 0xe7700000-0xe77fffff 64bit pref]
[    1.008173] pci 0000:00:18.1: PCI bridge to [bus 1c]
[    1.008183] pci 0000:00:18.1:   bridge window [io  0xb000-0xbfff]
[    1.008209] pci 0000:00:18.1:   bridge window [mem 0xfcd00000-0xfcdfffff]
[    1.008226] pci 0000:00:18.1:   bridge window [mem 0xe7300000-0xe73fffff 64bit pref]
[    1.008269] pci 0000:00:18.2: PCI bridge to [bus 1d]
[    1.008295] pci 0000:00:18.2:   bridge window [mem 0xfc900000-0xfc9fffff]
[    1.008313] pci 0000:00:18.2:   bridge window [mem 0xe6f00000-0xe6ffffff 64bit pref]
[    1.008355] pci 0000:00:18.3: PCI bridge to [bus 1e]
[    1.008381] pci 0000:00:18.3:   bridge window [mem 0xfc500000-0xfc5fffff]
[    1.008399] pci 0000:00:18.3:   bridge window [mem 0xe6b00000-0xe6bfffff 64bit pref]
[    1.008441] pci 0000:00:18.4: PCI bridge to [bus 1f]
[    1.008467] pci 0000:00:18.4:   bridge window [mem 0xfc100000-0xfc1fffff]
[    1.008485] pci 0000:00:18.4:   bridge window [mem 0xe6700000-0xe67fffff 64bit pref]
[    1.008527] pci 0000:00:18.5: PCI bridge to [bus 20]
[    1.008553] pci 0000:00:18.5:   bridge window [mem 0xfbd00000-0xfbdfffff]
[    1.008571] pci 0000:00:18.5:   bridge window [mem 0xe6300000-0xe63fffff 64bit pref]
[    1.008613] pci 0000:00:18.6: PCI bridge to [bus 21]
[    1.008643] pci 0000:00:18.6:   bridge window [mem 0xfb900000-0xfb9fffff]
[    1.008669] pci 0000:00:18.6:   bridge window [mem 0xe5f00000-0xe5ffffff 64bit pref]
[    1.008712] pci 0000:00:18.7: PCI bridge to [bus 22]
[    1.008739] pci 0000:00:18.7:   bridge window [mem 0xfb500000-0xfb5fffff]
[    1.008757] pci 0000:00:18.7:   bridge window [mem 0xe5b00000-0xe5bfffff 64bit pref]
[    1.008799] pci_bus 0000:00: resource 4 [mem 0x000a0000-0x000bffff window]
[    1.008801] pci_bus 0000:00: resource 5 [mem 0x000d0000-0x000dbfff window]
[    1.008801] pci_bus 0000:00: resource 6 [mem 0xc0000000-0xfebfffff window]
[    1.008802] pci_bus 0000:00: resource 7 [io  0x0000-0x0cf7 window]
[    1.008803] pci_bus 0000:00: resource 8 [io  0x0d00-0xfeff window]
[    1.008805] pci_bus 0000:02: resource 0 [io  0x2000-0x3fff]
[    1.008805] pci_bus 0000:02: resource 1 [mem 0xfd500000-0xfdffffff]
[    1.008806] pci_bus 0000:02: resource 2 [mem 0xe7b00000-0xe7ffffff 64bit pref]
[    1.008807] pci_bus 0000:02: resource 4 [mem 0x000a0000-0x000bffff window]
[    1.008808] pci_bus 0000:02: resource 5 [mem 0x000d0000-0x000dbfff window]
[    1.008809] pci_bus 0000:02: resource 6 [mem 0xc0000000-0xfebfffff window]
[    1.008810] pci_bus 0000:02: resource 7 [io  0x0000-0x0cf7 window]
[    1.008810] pci_bus 0000:02: resource 8 [io  0x0d00-0xfeff window]
[    1.008811] pci_bus 0000:03: resource 0 [io  0x4000-0x4fff]
[    1.008812] pci_bus 0000:03: resource 1 [mem 0xfd400000-0xfd4fffff]
[    1.008813] pci_bus 0000:03: resource 2 [mem 0xe7a00000-0xe7afffff 64bit pref]
[    1.008814] pci_bus 0000:04: resource 0 [io  0x8000-0x8fff]
[    1.008815] pci_bus 0000:04: resource 1 [mem 0xfd000000-0xfd0fffff]
[    1.008815] pci_bus 0000:04: resource 2 [mem 0xe7600000-0xe76fffff 64bit pref]
[    1.008816] pci_bus 0000:05: resource 0 [io  0xc000-0xcfff]
[    1.008817] pci_bus 0000:05: resource 1 [mem 0xfcc00000-0xfccfffff]
[    1.008818] pci_bus 0000:05: resource 2 [mem 0xe7200000-0xe72fffff 64bit pref]
[    1.008819] pci_bus 0000:06: resource 1 [mem 0xfc800000-0xfc8fffff]
[    1.008819] pci_bus 0000:06: resource 2 [mem 0xe6e00000-0xe6efffff 64bit pref]
[    1.008820] pci_bus 0000:07: resource 1 [mem 0xfc400000-0xfc4fffff]
[    1.008821] pci_bus 0000:07: resource 2 [mem 0xe6a00000-0xe6afffff 64bit pref]
[    1.008822] pci_bus 0000:08: resource 1 [mem 0xfc000000-0xfc0fffff]
[    1.008823] pci_bus 0000:08: resource 2 [mem 0xe6600000-0xe66fffff 64bit pref]
[    1.008824] pci_bus 0000:09: resource 1 [mem 0xfbc00000-0xfbcfffff]
[    1.008825] pci_bus 0000:09: resource 2 [mem 0xe6200000-0xe62fffff 64bit pref]
[    1.008826] pci_bus 0000:0a: resource 1 [mem 0xfb800000-0xfb8fffff]
[    1.008826] pci_bus 0000:0a: resource 2 [mem 0xe5e00000-0xe5efffff 64bit pref]
[    1.008827] pci_bus 0000:0b: resource 0 [io  0x5000-0x5fff]
[    1.008828] pci_bus 0000:0b: resource 1 [mem 0xfd300000-0xfd3fffff]
[    1.008829] pci_bus 0000:0b: resource 2 [mem 0xe7900000-0xe79fffff 64bit pref]
[    1.008830] pci_bus 0000:0c: resource 0 [io  0x9000-0x9fff]
[    1.008830] pci_bus 0000:0c: resource 1 [mem 0xfcf00000-0xfcffffff]
[    1.008831] pci_bus 0000:0c: resource 2 [mem 0xe7500000-0xe75fffff 64bit pref]
[    1.008832] pci_bus 0000:0d: resource 0 [io  0xd000-0xdfff]
[    1.008833] pci_bus 0000:0d: resource 1 [mem 0xfcb00000-0xfcbfffff]
[    1.008834] pci_bus 0000:0d: resource 2 [mem 0xe7100000-0xe71fffff 64bit pref]
[    1.008835] pci_bus 0000:0e: resource 1 [mem 0xfc700000-0xfc7fffff]
[    1.008835] pci_bus 0000:0e: resource 2 [mem 0xe6d00000-0xe6dfffff 64bit pref]
[    1.008836] pci_bus 0000:0f: resource 1 [mem 0xfc300000-0xfc3fffff]
[    1.008837] pci_bus 0000:0f: resource 2 [mem 0xe6900000-0xe69fffff 64bit pref]
[    1.008838] pci_bus 0000:10: resource 1 [mem 0xfbf00000-0xfbffffff]
[    1.008839] pci_bus 0000:10: resource 2 [mem 0xe6500000-0xe65fffff 64bit pref]
[    1.008840] pci_bus 0000:11: resource 1 [mem 0xfbb00000-0xfbbfffff]
[    1.008840] pci_bus 0000:11: resource 2 [mem 0xe6100000-0xe61fffff 64bit pref]
[    1.008841] pci_bus 0000:12: resource 1 [mem 0xfb700000-0xfb7fffff]
[    1.008842] pci_bus 0000:12: resource 2 [mem 0xe5d00000-0xe5dfffff 64bit pref]
[    1.008843] pci_bus 0000:13: resource 0 [io  0x6000-0x6fff]
[    1.008844] pci_bus 0000:13: resource 1 [mem 0xfd200000-0xfd2fffff]
[    1.008844] pci_bus 0000:13: resource 2 [mem 0xe7800000-0xe78fffff 64bit pref]
[    1.008845] pci_bus 0000:14: resource 0 [io  0xa000-0xafff]
[    1.008846] pci_bus 0000:14: resource 1 [mem 0xfce00000-0xfcefffff]
[    1.008847] pci_bus 0000:14: resource 2 [mem 0xe7400000-0xe74fffff 64bit pref]
[    1.008848] pci_bus 0000:15: resource 0 [io  0xe000-0xefff]
[    1.008848] pci_bus 0000:15: resource 1 [mem 0xfca00000-0xfcafffff]
[    1.008849] pci_bus 0000:15: resource 2 [mem 0xe7000000-0xe70fffff 64bit pref]
[    1.008850] pci_bus 0000:16: resource 1 [mem 0xfc600000-0xfc6fffff]
[    1.008851] pci_bus 0000:16: resource 2 [mem 0xe6c00000-0xe6cfffff 64bit pref]
[    1.008852] pci_bus 0000:17: resource 1 [mem 0xfc200000-0xfc2fffff]
[    1.008853] pci_bus 0000:17: resource 2 [mem 0xe6800000-0xe68fffff 64bit pref]
[    1.008853] pci_bus 0000:18: resource 1 [mem 0xfbe00000-0xfbefffff]
[    1.008854] pci_bus 0000:18: resource 2 [mem 0xe6400000-0xe64fffff 64bit pref]
[    1.008855] pci_bus 0000:19: resource 1 [mem 0xfba00000-0xfbafffff]
[    1.008856] pci_bus 0000:19: resource 2 [mem 0xe6000000-0xe60fffff 64bit pref]
[    1.008857] pci_bus 0000:1a: resource 1 [mem 0xfb600000-0xfb6fffff]
[    1.008858] pci_bus 0000:1a: resource 2 [mem 0xe5c00000-0xe5cfffff 64bit pref]
[    1.008858] pci_bus 0000:1b: resource 0 [io  0x7000-0x7fff]
[    1.008859] pci_bus 0000:1b: resource 1 [mem 0xfd100000-0xfd1fffff]
[    1.008860] pci_bus 0000:1b: resource 2 [mem 0xe7700000-0xe77fffff 64bit pref]
[    1.008861] pci_bus 0000:1c: resource 0 [io  0xb000-0xbfff]
[    1.008862] pci_bus 0000:1c: resource 1 [mem 0xfcd00000-0xfcdfffff]
[    1.008862] pci_bus 0000:1c: resource 2 [mem 0xe7300000-0xe73fffff 64bit pref]
[    1.008863] pci_bus 0000:1d: resource 1 [mem 0xfc900000-0xfc9fffff]
[    1.008864] pci_bus 0000:1d: resource 2 [mem 0xe6f00000-0xe6ffffff 64bit pref]
[    1.008865] pci_bus 0000:1e: resource 1 [mem 0xfc500000-0xfc5fffff]
[    1.008866] pci_bus 0000:1e: resource 2 [mem 0xe6b00000-0xe6bfffff 64bit pref]
[    1.008866] pci_bus 0000:1f: resource 1 [mem 0xfc100000-0xfc1fffff]
[    1.008867] pci_bus 0000:1f: resource 2 [mem 0xe6700000-0xe67fffff 64bit pref]
[    1.008868] pci_bus 0000:20: resource 1 [mem 0xfbd00000-0xfbdfffff]
[    1.008869] pci_bus 0000:20: resource 2 [mem 0xe6300000-0xe63fffff 64bit pref]
[    1.008870] pci_bus 0000:21: resource 1 [mem 0xfb900000-0xfb9fffff]
[    1.008871] pci_bus 0000:21: resource 2 [mem 0xe5f00000-0xe5ffffff 64bit pref]
[    1.008871] pci_bus 0000:22: resource 1 [mem 0xfb500000-0xfb5fffff]
[    1.008872] pci_bus 0000:22: resource 2 [mem 0xe5b00000-0xe5bfffff 64bit pref]
[    1.008945] pci 0000:00:00.0: Limiting direct PCI/PCI transfers
[    1.010015] pci 0000:02:01.0: CLS mismatch (32 != 64), using 64 bytes
[    1.010471] Trying to unpack rootfs image as initramfs...
[    1.031368] PCI-DMA: Using software bounce buffering for IO (SWIOTLB)
[    1.031372] software IO TLB: mapped [mem 0x00000000bbed0000-0x00000000bfed0000] (64MB)
[    1.031546] RAPL PMU: API unit is 2^-32 Joules, 0 fixed counters, 10737418240 ms ovfl timer
[    1.031555] clocksource: tsc: mask: 0xffffffffffffffff max_cycles: 0x22983938a92, max_idle_ns: 440795216168 ns
[    1.031643] clocksource: Switched to clocksource tsc
[    1.036576] Initialise system trusted keyrings
[    1.036636] workingset: timestamp_bits=40 max_order=20 bucket_order=0
[    1.038547] zbud: loaded
[    1.067122] fuse: init (API version 7.36)
[    1.067349] Key type asymmetric registered
[    1.067351] Asymmetric key parser 'x509' registered
[    1.067375] Block layer SCSI generic (bsg) driver version 0.4 loaded (major 247)
[    1.067488] io scheduler mq-deadline registered
[    1.067489] io scheduler kyber registered
[    1.068515] pcieport 0000:00:15.0: PME: Signaling with IRQ 25
[    1.068610] pcieport 0000:00:15.0: pciehp: Slot #160 AttnBtn+ PwrCtrl+ MRL- AttnInd- PwrInd- HotPlug+ Surprise- Interlock- NoCompl+ IbPresDis- LLActRep+
[    1.069405] pcieport 0000:00:15.1: PME: Signaling with IRQ 26
[    1.069491] pcieport 0000:00:15.1: pciehp: Slot #161 AttnBtn+ PwrCtrl+ MRL- AttnInd- PwrInd- HotPlug+ Surprise- Interlock- NoCompl+ IbPresDis- LLActRep+
[    1.070286] pcieport 0000:00:15.2: PME: Signaling with IRQ 27
[    1.070358] pcieport 0000:00:15.2: pciehp: Slot #162 AttnBtn+ PwrCtrl+ MRL- AttnInd- PwrInd- HotPlug+ Surprise- Interlock- NoCompl+ IbPresDis- LLActRep+
[    1.071132] pcieport 0000:00:15.3: PME: Signaling with IRQ 28
[    1.071205] pcieport 0000:00:15.3: pciehp: Slot #163 AttnBtn+ PwrCtrl+ MRL- AttnInd- PwrInd- HotPlug+ Surprise- Interlock- NoCompl+ IbPresDis- LLActRep+
[    1.072049] pcieport 0000:00:15.4: PME: Signaling with IRQ 29
[    1.072122] pcieport 0000:00:15.4: pciehp: Slot #164 AttnBtn+ PwrCtrl+ MRL- AttnInd- PwrInd- HotPlug+ Surprise- Interlock- NoCompl+ IbPresDis- LLActRep+
[    1.072949] pcieport 0000:00:15.5: PME: Signaling with IRQ 30
[    1.073040] pcieport 0000:00:15.5: pciehp: Slot #165 AttnBtn+ PwrCtrl+ MRL- AttnInd- PwrInd- HotPlug+ Surprise- Interlock- NoCompl+ IbPresDis- LLActRep+
[    1.074041] pcieport 0000:00:15.6: PME: Signaling with IRQ 31
[    1.074119] pcieport 0000:00:15.6: pciehp: Slot #166 AttnBtn+ PwrCtrl+ MRL- AttnInd- PwrInd- HotPlug+ Surprise- Interlock- NoCompl+ IbPresDis- LLActRep+
[    1.075129] pcieport 0000:00:15.7: PME: Signaling with IRQ 32
[    1.075206] pcieport 0000:00:15.7: pciehp: Slot #167 AttnBtn+ PwrCtrl+ MRL- AttnInd- PwrInd- HotPlug+ Surprise- Interlock- NoCompl+ IbPresDis- LLActRep+
[    1.076071] pcieport 0000:00:16.0: PME: Signaling with IRQ 33
[    1.076145] pcieport 0000:00:16.0: pciehp: Slot #192 AttnBtn+ PwrCtrl+ MRL- AttnInd- PwrInd- HotPlug+ Surprise- Interlock- NoCompl+ IbPresDis- LLActRep+
[    1.076990] pcieport 0000:00:16.1: PME: Signaling with IRQ 34
[    1.077065] pcieport 0000:00:16.1: pciehp: Slot #193 AttnBtn+ PwrCtrl+ MRL- AttnInd- PwrInd- HotPlug+ Surprise- Interlock- NoCompl+ IbPresDis- LLActRep+
[    1.077866] pcieport 0000:00:16.2: PME: Signaling with IRQ 35
[    1.077942] pcieport 0000:00:16.2: pciehp: Slot #194 AttnBtn+ PwrCtrl+ MRL- AttnInd- PwrInd- HotPlug+ Surprise- Interlock- NoCompl+ IbPresDis- LLActRep+
[    1.078725] pcieport 0000:00:16.3: PME: Signaling with IRQ 36
[    1.078800] pcieport 0000:00:16.3: pciehp: Slot #195 AttnBtn+ PwrCtrl+ MRL- AttnInd- PwrInd- HotPlug+ Surprise- Interlock- NoCompl+ IbPresDis- LLActRep+
[    1.079616] pcieport 0000:00:16.4: PME: Signaling with IRQ 37
[    1.079689] pcieport 0000:00:16.4: pciehp: Slot #196 AttnBtn+ PwrCtrl+ MRL- AttnInd- PwrInd- HotPlug+ Surprise- Interlock- NoCompl+ IbPresDis- LLActRep+
[    1.080473] pcieport 0000:00:16.5: PME: Signaling with IRQ 38
[    1.080546] pcieport 0000:00:16.5: pciehp: Slot #197 AttnBtn+ PwrCtrl+ MRL- AttnInd- PwrInd- HotPlug+ Surprise- Interlock- NoCompl+ IbPresDis- LLActRep+
[    1.081398] pcieport 0000:00:16.6: PME: Signaling with IRQ 39
[    1.081472] pcieport 0000:00:16.6: pciehp: Slot #198 AttnBtn+ PwrCtrl+ MRL- AttnInd- PwrInd- HotPlug+ Surprise- Interlock- NoCompl+ IbPresDis- LLActRep+
[    1.082289] pcieport 0000:00:16.7: PME: Signaling with IRQ 40
[    1.082377] pcieport 0000:00:16.7: pciehp: Slot #199 AttnBtn+ PwrCtrl+ MRL- AttnInd- PwrInd- HotPlug+ Surprise- Interlock- NoCompl+ IbPresDis- LLActRep+
[    1.083174] pcieport 0000:00:17.0: PME: Signaling with IRQ 41
[    1.083266] pcieport 0000:00:17.0: pciehp: Slot #224 AttnBtn+ PwrCtrl+ MRL- AttnInd- PwrInd- HotPlug+ Surprise- Interlock- NoCompl+ IbPresDis- LLActRep+
[    1.084048] pcieport 0000:00:17.1: PME: Signaling with IRQ 42
[    1.084121] pcieport 0000:00:17.1: pciehp: Slot #225 AttnBtn+ PwrCtrl+ MRL- AttnInd- PwrInd- HotPlug+ Surprise- Interlock- NoCompl+ IbPresDis- LLActRep+
[    1.084996] pcieport 0000:00:17.2: PME: Signaling with IRQ 43
[    1.085070] pcieport 0000:00:17.2: pciehp: Slot #226 AttnBtn+ PwrCtrl+ MRL- AttnInd- PwrInd- HotPlug+ Surprise- Interlock- NoCompl+ IbPresDis- LLActRep+
[    1.085836] pcieport 0000:00:17.3: PME: Signaling with IRQ 44
[    1.085909] pcieport 0000:00:17.3: pciehp: Slot #227 AttnBtn+ PwrCtrl+ MRL- AttnInd- PwrInd- HotPlug+ Surprise- Interlock- NoCompl+ IbPresDis- LLActRep+
[    1.086687] pcieport 0000:00:17.4: PME: Signaling with IRQ 45
[    1.086760] pcieport 0000:00:17.4: pciehp: Slot #228 AttnBtn+ PwrCtrl+ MRL- AttnInd- PwrInd- HotPlug+ Surprise- Interlock- NoCompl+ IbPresDis- LLActRep+
[    1.087560] pcieport 0000:00:17.5: PME: Signaling with IRQ 46
[    1.087652] pcieport 0000:00:17.5: pciehp: Slot #229 AttnBtn+ PwrCtrl+ MRL- AttnInd- PwrInd- HotPlug+ Surprise- Interlock- NoCompl+ IbPresDis- LLActRep+
[    1.088514] pcieport 0000:00:17.6: PME: Signaling with IRQ 47
[    1.088604] pcieport 0000:00:17.6: pciehp: Slot #230 AttnBtn+ PwrCtrl+ MRL- AttnInd- PwrInd- HotPlug+ Surprise- Interlock- NoCompl+ IbPresDis- LLActRep+
[    1.089412] pcieport 0000:00:17.7: PME: Signaling with IRQ 48
[    1.089486] pcieport 0000:00:17.7: pciehp: Slot #231 AttnBtn+ PwrCtrl+ MRL- AttnInd- PwrInd- HotPlug+ Surprise- Interlock- NoCompl+ IbPresDis- LLActRep+
[    1.090380] pcieport 0000:00:18.0: PME: Signaling with IRQ 49
[    1.090456] pcieport 0000:00:18.0: pciehp: Slot #256 AttnBtn+ PwrCtrl+ MRL- AttnInd- PwrInd- HotPlug+ Surprise- Interlock- NoCompl+ IbPresDis- LLActRep+
[    1.091283] pcieport 0000:00:18.1: PME: Signaling with IRQ 50
[    1.091356] pcieport 0000:00:18.1: pciehp: Slot #257 AttnBtn+ PwrCtrl+ MRL- AttnInd- PwrInd- HotPlug+ Surprise- Interlock- NoCompl+ IbPresDis- LLActRep+
[    1.092228] pcieport 0000:00:18.2: PME: Signaling with IRQ 51
[    1.092307] pcieport 0000:00:18.2: pciehp: Slot #258 AttnBtn+ PwrCtrl+ MRL- AttnInd- PwrInd- HotPlug+ Surprise- Interlock- NoCompl+ IbPresDis- LLActRep+
[    1.093139] pcieport 0000:00:18.3: PME: Signaling with IRQ 52
[    1.093217] pcieport 0000:00:18.3: pciehp: Slot #259 AttnBtn+ PwrCtrl+ MRL- AttnInd- PwrInd- HotPlug+ Surprise- Interlock- NoCompl+ IbPresDis- LLActRep+
[    1.094072] pcieport 0000:00:18.4: PME: Signaling with IRQ 53
[    1.094146] pcieport 0000:00:18.4: pciehp: Slot #260 AttnBtn+ PwrCtrl+ MRL- AttnInd- PwrInd- HotPlug+ Surprise- Interlock- NoCompl+ IbPresDis- LLActRep+
[    1.094907] pcieport 0000:00:18.5: PME: Signaling with IRQ 54
[    1.094980] pcieport 0000:00:18.5: pciehp: Slot #261 AttnBtn+ PwrCtrl+ MRL- AttnInd- PwrInd- HotPlug+ Surprise- Interlock- NoCompl+ IbPresDis- LLActRep+
[    1.095830] pcieport 0000:00:18.6: PME: Signaling with IRQ 55
[    1.095905] pcieport 0000:00:18.6: pciehp: Slot #262 AttnBtn+ PwrCtrl+ MRL- AttnInd- PwrInd- HotPlug+ Surprise- Interlock- NoCompl+ IbPresDis- LLActRep+
[    1.096695] pcieport 0000:00:18.7: PME: Signaling with IRQ 56
[    1.096771] pcieport 0000:00:18.7: pciehp: Slot #263 AttnBtn+ PwrCtrl+ MRL- AttnInd- PwrInd- HotPlug+ Surprise- Interlock- NoCompl+ IbPresDis- LLActRep+
[    1.097739] ACPI: AC: AC Adapter [ACAD] (on-line)
[    1.097881] input: Power Button as /devices/LNXSYSTM:00/LNXPWRBN:00/input/input0
[    1.097925] ACPI: button: Power Button [PWRF]
[    1.098481] Serial: 8250/16550 driver, 32 ports, IRQ sharing enabled
[    1.098762] 00:05: ttyS0 at I/O 0x3f8 (irq = 4, base_baud = 115200) is a 16550A
[    1.100173] Linux agpgart interface v0.103
[    1.100254] agpgart-intel 0000:00:00.0: Intel 440BX Chipset
[    1.101032] agpgart-intel 0000:00:00.0: AGP aperture is 256M @ 0x0
[    1.104741] brd: module loaded
[    1.139663] loop: module loaded
[    1.139805] ata_piix 0000:00:07.1: version 2.13
[    1.140617] scsi host0: ata_piix
[    1.145348] scsi host1: ata_piix
[    1.145421] ata1: PATA max UDMA/33 cmd 0x1f0 ctl 0x3f6 bmdma 0x1060 irq 14
[    1.145423] ata2: PATA max UDMA/33 cmd 0x170 ctl 0x376 bmdma 0x1068 irq 15
[    1.145576] tun: Universal TUN/TAP device driver, 1.6
[    1.145841] PPP generic driver version 2.4.2
[    1.146086] ehci_hcd: USB 2.0 'Enhanced' Host Controller (EHCI) Driver
[    1.146119] ehci-pci: EHCI PCI platform driver
[    1.146450] ehci-pci 0000:02:03.0: EHCI Host Controller
[    1.146482] ehci-pci 0000:02:03.0: new USB bus registered, assigned bus number 1
[    1.146648] ehci-pci 0000:02:03.0: irq 17, io mem 0xfd5ef000
[    1.162399] ehci-pci 0000:02:03.0: USB 2.0 started, EHCI 1.00
[    1.162479] usb usb1: New USB device found, idVendor=1d6b, idProduct=0002, bcdDevice= 5.18
[    1.162482] usb usb1: New USB device strings: Mfr=3, Product=2, SerialNumber=1
[    1.162484] usb usb1: Product: EHCI Host Controller
[    1.162485] usb usb1: Manufacturer: Linux 5.18.0-rc1+ ehci_hcd
[    1.162486] usb usb1: SerialNumber: 0000:02:03.0
[    1.162859] hub 1-0:1.0: USB hub found
[    1.162865] hub 1-0:1.0: 6 ports detected
[    1.163302] ehci-platform: EHCI generic platform driver
[    1.163312] ohci_hcd: USB 1.1 'Open' Host Controller (OHCI) Driver
[    1.163317] ohci-pci: OHCI PCI platform driver
[    1.163329] ohci-platform: OHCI generic platform driver
[    1.163333] uhci_hcd: USB Universal Host Controller Interface driver
[    1.163620] uhci_hcd 0000:02:00.0: UHCI Host Controller
[    1.163625] uhci_hcd 0000:02:00.0: new USB bus registered, assigned bus number 2
[    1.163659] uhci_hcd 0000:02:00.0: detected 2 ports
[    1.163799] uhci_hcd 0000:02:00.0: irq 18, io port 0x00002080
[    1.163888] usb usb2: New USB device found, idVendor=1d6b, idProduct=0001, bcdDevice= 5.18
[    1.163890] usb usb2: New USB device strings: Mfr=3, Product=2, SerialNumber=1
[    1.163891] usb usb2: Product: UHCI Host Controller
[    1.163892] usb usb2: Manufacturer: Linux 5.18.0-rc1+ uhci_hcd
[    1.163893] usb usb2: SerialNumber: 0000:02:00.0
[    1.164169] hub 2-0:1.0: USB hub found
[    1.164173] hub 2-0:1.0: 2 ports detected
[    1.164428] i8042: PNP: PS/2 Controller [PNP0303:KBC,PNP0f13:MOUS] at 0x60,0x64 irq 1,12
[    1.165059] serio: i8042 KBD port at 0x60,0x64 irq 1
[    1.165066] serio: i8042 AUX port at 0x60,0x64 irq 12
[    1.165525] mousedev: PS/2 mouse device common for all mice
[    1.166588] rtc_cmos 00:01: registered as rtc0
[    1.166667] rtc_cmos 00:01: setting system clock to 2022-04-18T20:29:17 UTC (1650313757)
[    1.166702] rtc_cmos 00:01: alarms up to one month, y3k, 114 bytes nvram, hpet irqs
[    1.166709] i2c_dev: i2c /dev entries driver
[    1.166716] device-mapper: core: CONFIG_IMA_DISABLE_HTABLE is disabled. Duplicate IMA measurements will not be recorded in the IMA log.
[    1.166750] device-mapper: uevent: version 1.0.3
[    1.166878] device-mapper: ioctl: 4.46.0-ioctl (2022-02-22) initialised: dm-devel@redhat.com
[    1.166881] intel_pstate: CPU model not supported
[    1.167065] ledtrig-cpu: registered to indicate activity on CPUs
[    1.167377] NET: Registered PF_INET6 protocol family
[    1.168849] Segment Routing with IPv6
[    1.168902] In-situ OAM (IOAM) with IPv6
[    1.168915] NET: Registered PF_PACKET protocol family
[    1.168920] Key type dns_resolver registered
[    1.169200] IPI shorthand broadcast: enabled
[    1.169206] sched_clock: Marking stable (1163451139, 5433613)->(1318620432, -149735680)
[    1.169465] input: AT Translated Set 2 keyboard as /devices/platform/i8042/serio0/input/input1
[    1.177616] registered taskstats version 1
[    1.177640] Loading compiled-in X.509 certificates
[    1.179232] Loaded X.509 cert 'Build time autogenerated kernel key: 7197278d25eb8c665ee5d5fb168d736382269dfc'
[    1.290039] zswap: loaded using pool lzo/zbud
[    1.404967] usb 2-1: new full-speed USB device number 2 using uhci_hcd
[    1.430668] Freeing initrd memory: 15604K
[    1.434103] Key type encrypted registered
[    1.434107] AppArmor: AppArmor sha1 policy hashing enabled
[    1.434135] ima: No TPM chip found, activating TPM-bypass!
[    1.434140] ima: Allocated hash algorithm: sha1
[    1.434144] ima: No architecture policies found
[    1.434153] evm: Initialising EVM extended attributes:
[    1.434153] evm: security.selinux
[    1.434154] evm: security.SMACK64
[    1.434154] evm: security.SMACK64EXEC
[    1.434155] evm: security.SMACK64TRANSMUTE
[    1.434155] evm: security.SMACK64MMAP
[    1.434156] evm: security.apparmor
[    1.434156] evm: security.ima
[    1.434156] evm: security.capability
[    1.434157] evm: HMAC attrs: 0x1
[    1.457475] PM:   Magic number: 2:389:498
[    1.457555] acpi PNP0C80:123: hash matches
[    1.457565] acpi PNP0C80:bf: hash matches
[    1.459800] Freeing unused kernel image (initmem) memory: 1820K
[    1.475264] Write protecting the kernel read-only data: 22528k
[    1.475825] Freeing unused kernel image (text/rodata gap) memory: 2040K
[    1.476140] Freeing unused kernel image (rodata/data gap) memory: 1452K
[    1.476222] Run /init as init process
[    1.476223]   with arguments:
[    1.476224]     /init
[    1.476224]     auto
[    1.476225]     noprompt
[    1.476225]   with environment:
[    1.476226]     HOME=/
[    1.476226]     TERM=linux
[    1.476227]     BOOT_IMAGE=/boot/vmlinuz-5.18.0-rc1+
[    1.476227]     find_preseed=/preseed.cfg
[    1.476228]     priority=critical
[    1.476228]     locale=en_US
[    1.581822] usb 2-1: New USB device found, idVendor=0e0f, idProduct=0003, bcdDevice= 1.03
[    1.581826] usb 2-1: New USB device strings: Mfr=1, Product=2, SerialNumber=0
[    1.581827] usb 2-1: Product: VMware Virtual USB Mouse
[    1.581828] usb 2-1: Manufacturer: VMware
[    1.717363] usb 2-2: new full-speed USB device number 3 using uhci_hcd
[    1.898930] usb 2-2: New USB device found, idVendor=0e0f, idProduct=0002, bcdDevice= 1.00
[    1.898936] usb 2-2: New USB device strings: Mfr=1, Product=2, SerialNumber=0
[    1.898938] usb 2-2: Product: VMware Virtual USB Hub
[    1.898939] usb 2-2: Manufacturer: VMware, Inc.
[    1.912967] hub 2-2:1.0: USB hub found
[    1.918908] hub 2-2:1.0: 7 ports detected
[    2.260888] usb 2-2.1: new full-speed USB device number 4 using uhci_hcd
[    2.402644] usb 2-2.1: New USB device found, idVendor=0e0f, idProduct=0008, bcdDevice= 1.00
[    2.402648] usb 2-2.1: New USB device strings: Mfr=1, Product=2, SerialNumber=3
[    2.402649] usb 2-2.1: Product: Virtual Bluetooth Adapter
[    2.402650] usb 2-2.1: Manufacturer: VMware
[    2.402651] usb 2-2.1: SerialNumber: 000650268328
[    2.600992] random: crng init done
[    2.606392] hid: raw HID events driver (C) Jiri Kosina
[    2.701728] usbcore: registered new interface driver usbhid
[    2.701730] usbhid: USB HID core driver
[    2.719128] input: VMware VMware Virtual USB Mouse as /devices/pci0000:00/0000:00:11.0/0000:02:00.0/usb2/2-1/2-1:1.0/0003:0E0F:0003.0001/input/input3
[    2.719213] hid-generic 0003:0E0F:0003.0001: input,hidraw0: USB HID v1.10 Mouse [VMware VMware Virtual USB Mouse] on usb-0000:02:00.0-1/input0
[    2.911083] Fusion MPT base driver 3.04.20
[    2.911086] Copyright (c) 1999-2008 LSI Corporation
[    2.914122] Fusion MPT SPI Host driver 3.04.20
[    2.918048] e1000: Intel(R) PRO/1000 Network Driver
[    2.918050] e1000: Copyright (c) 1999-2006 Intel Corporation.
[    2.922731] mptbase: ioc0: Initiating bringup
[    2.924420] ahci 0000:02:05.0: version 3.0
[    2.926782] ahci 0000:02:05.0: AHCI 0001.0300 32 slots 30 ports 6 Gbps 0x3fffffff impl SATA mode
[    2.926787] ahci 0000:02:05.0: flags: 64bit ncq clo only 
[    2.954417] ACPI: bus type drm_connector registered
[    2.984907] scsi host2: ahci
[    2.989296] scsi host3: ahci
[    2.989776] scsi host4: ahci
[    2.990293] scsi host5: ahci
[    2.998860] vmwgfx 0000:00:0f.0: vgaarb: deactivate vga console
[    2.999800] Console: switching to colour dummy device 80x25
[    3.000389] vmwgfx 0000:00:0f.0: [drm] FIFO at 0x00000000fe000000 size is 8192 kiB
[    3.000400] vmwgfx 0000:00:0f.0: [drm] VRAM at 0x00000000e8000000 size is 131072 kiB
[    3.000413] vmwgfx 0000:00:0f.0: [drm] Running on SVGA version 2.
[    3.000421] vmwgfx 0000:00:0f.0: [drm] DMA map mode: Caching DMA mappings.
[    3.000488] vmwgfx 0000:00:0f.0: [drm] Legacy memory limits: VRAM = 4096 kB, FIFO = 256 kB, surface = 0 kB
[    3.000490] vmwgfx 0000:00:0f.0: [drm] MOB limits: max mob size = 131072 kB, max mob pages = 196608
[    3.000492] vmwgfx 0000:00:0f.0: [drm] Capabilities: rect copy, cursor, cursor bypass, cursor bypass 2, 8bit emulation, alpha cursor, 3D, extended fifo, multimon, pitchlock, irq mask, display topology, gmr, traces, gmr2, screen object 2, command buffers, command buffers 2, gbobject, dx, hp cmd queue, no bb restriction, cap2 register, 
[    3.000494] vmwgfx 0000:00:0f.0: [drm] Capabilities2: grow otable, intra surface copy, dx2, 
[    3.000495] vmwgfx 0000:00:0f.0: [drm] Max GMR ids is 64
[    3.000496] vmwgfx 0000:00:0f.0: [drm] Max number of GMR pages is 65536
[    3.000496] vmwgfx 0000:00:0f.0: [drm] Maximum display memory size is 262144 kiB
[    3.002306] scsi host6: ahci
[    3.003174] input: VirtualPS/2 VMware VMMouse as /devices/platform/i8042/serio1/input/input5
[    3.003416] input: VirtualPS/2 VMware VMMouse as /devices/platform/i8042/serio1/input/input4
[    3.012490] scsi host7: ahci
[    3.012803] scsi host8: ahci
[    3.017524] scsi host9: ahci
[    3.017875] scsi host10: ahci
[    3.021846] scsi host11: ahci
[    3.022158] scsi host12: ahci
[    3.022461] scsi host13: ahci
[    3.022832] scsi host14: ahci
[    3.023156] scsi host15: ahci
[    3.023548] scsi host16: ahci
[    3.023828] scsi host17: ahci
[    3.024169] scsi host18: ahci
[    3.024499] scsi host19: ahci
[    3.024971] scsi host20: ahci
[    3.025318] scsi host21: ahci
[    3.025620] scsi host22: ahci
[    3.026038] scsi host23: ahci
[    3.026346] scsi host24: ahci
[    3.026665] scsi host25: ahci
[    3.027159] scsi host26: ahci
[    3.027363] scsi host27: ahci
[    3.027717] scsi host28: ahci
[    3.028124] scsi host29: ahci
[    3.028466] scsi host30: ahci
[    3.028805] scsi host31: ahci
[    3.028943] ata3: SATA max UDMA/133 abar m4096@0xfd5ee000 port 0xfd5ee100 irq 57
[    3.028945] ata4: SATA max UDMA/133 abar m4096@0xfd5ee000 port 0xfd5ee180 irq 57
[    3.028946] ata5: SATA max UDMA/133 abar m4096@0xfd5ee000 port 0xfd5ee200 irq 57
[    3.028947] ata6: SATA max UDMA/133 abar m4096@0xfd5ee000 port 0xfd5ee280 irq 57
[    3.028947] ata7: SATA max UDMA/133 abar m4096@0xfd5ee000 port 0xfd5ee300 irq 57
[    3.028948] ata8: SATA max UDMA/133 abar m4096@0xfd5ee000 port 0xfd5ee380 irq 57
[    3.028949] ata9: SATA max UDMA/133 abar m4096@0xfd5ee000 port 0xfd5ee400 irq 57
[    3.028949] ata10: SATA max UDMA/133 abar m4096@0xfd5ee000 port 0xfd5ee480 irq 57
[    3.028950] ata11: SATA max UDMA/133 abar m4096@0xfd5ee000 port 0xfd5ee500 irq 57
[    3.028951] ata12: SATA max UDMA/133 abar m4096@0xfd5ee000 port 0xfd5ee580 irq 57
[    3.028952] ata13: SATA max UDMA/133 abar m4096@0xfd5ee000 port 0xfd5ee600 irq 57
[    3.028952] ata14: SATA max UDMA/133 abar m4096@0xfd5ee000 port 0xfd5ee680 irq 57
[    3.028953] ata15: SATA max UDMA/133 abar m4096@0xfd5ee000 port 0xfd5ee700 irq 57
[    3.028954] ata16: SATA max UDMA/133 abar m4096@0xfd5ee000 port 0xfd5ee780 irq 57
[    3.028954] ata17: SATA max UDMA/133 abar m4096@0xfd5ee000 port 0xfd5ee800 irq 57
[    3.028955] ata18: SATA max UDMA/133 abar m4096@0xfd5ee000 port 0xfd5ee880 irq 57
[    3.028956] ata19: SATA max UDMA/133 abar m4096@0xfd5ee000 port 0xfd5ee900 irq 57
